reverse_penalty        0.0  L=1.98 (fwd 0.24 / rev 1.74)  cusps=1  it=11503  found
reverse_penalty        0.1  L=2.08 (fwd 0.28 / rev 1.80)  cusps=1  it=11634  found
reverse_penalty        0.2  L=2.01 (fwd 0.27 / rev 1.74)  cusps=1  it=11860  found
reverse_penalty        0.3  L=2.11 (fwd 0.25 / rev 1.86)  cusps=1  it=12934  found
reverse_penalty        0.5  L=2.07 (fwd 0.15 / rev 1.92)  cusps=1  it=19583  found
reverse_penalty        0.8  L=2.58 (fwd 2.34 / rev 0.24)  cusps=1  it=30000  best-effort
reverse_penalty        1.0  L=2.58 (fwd 2.34 / rev 0.24)  cusps=1  it=30000  best-effort
reverse_penalty        1.5  L=2.58 (fwd 2.34 / rev 0.24)  cusps=1  it=30000  best-effort
reverse_penalty        2.0  L=2.41 (fwd 2.41 / rev 0.00)  cusps=0  it=11827  found
reverse_penalty        3.0  L=2.41 (fwd 2.41 / rev 0.00)  cusps=0  it=11032  found
reverse_penalty        5.0  L=2.41 (fwd 2.41 / rev 0.00)  cusps=0  it=10245  found
reverse_penalty       10.0  L=2.41 (fwd 2.41 / rev 0.00)  cusps=0  it=9779  found
steering_penalty       0.0  L=1.88 (fwd 0.14 / rev 1.74)  cusps=1  it=14300  found
steering_penalty      0.05  L=1.86 (fwd 0.12 / rev 1.74)  cusps=1  it=13220  found
steering_penalty       0.1  L=2.11 (fwd 0.25 / rev 1.86)  cusps=1  it=12934  found
steering_penalty       0.2  L=1.93 (fwd 0.19 / rev 1.74)  cusps=1  it=11743  found
steering_penalty       0.4  L=2.02 (fwd 0.28 / rev 1.74)  cusps=1  it=10378  found
steering_penalty       0.6  L=1.94 (fwd 0.08 / rev 1.86)  cusps=1  it=10774  found
steering_penalty       0.8  L=1.94 (fwd 0.14 / rev 1.80)  cusps=1  it=11369  found
steering_penalty       1.2  L=1.94 (fwd 0.14 / rev 1.80)  cusps=1  it=15548  found
steering_penalty       1.6  L=1.94 (fwd 0.14 / rev 1.80)  cusps=1  it=19939  found
steering_penalty       2.0  L=2.01 (fwd 0.09 / rev 1.92)  cusps=1  it=27109  found
steering_penalty       3.0  L=2.10 (fwd 0.00 / rev 2.10)  cusps=0  it=30000  best-effort
change_dir_penalty     0.0  L=2.57 (fwd 1.91 / rev 0.66)  cusps=3  it=5875  found
change_dir_penalty    0.05  L=2.56 (fwd 1.96 / rev 0.60)  cusps=3  it=8239  found
change_dir_penalty     0.1  L=2.56 (fwd 1.84 / rev 0.72)  cusps=3  it=9892  found
change_dir_penalty     0.2  L=2.79 (fwd 2.55 / rev 0.24)  cusps=2  it=11411  found
change_dir_penalty     0.4  L=1.83 (fwd 0.15 / rev 1.68)  cusps=1  it=15426  found
change_dir_penalty     0.6  L=2.02 (fwd 0.22 / rev 1.80)  cusps=1  it=13956  found
change_dir_penalty     0.8  L=2.11 (fwd 0.25 / rev 1.86)  cusps=1  it=12934  found
change_dir_penalty     1.2  L=1.95 (fwd 0.21 / rev 1.74)  cusps=1  it=11732  found
change_dir_penalty     1.6  L=2.41 (fwd 2.41 / rev 0.00)  cusps=0  it=13589  found
change_dir_penalty     2.0  L=2.41 (fwd 2.41 / rev 0.00)  cusps=0  it=13336  found
x                      0.0  L=2.07 (fwd 0.39 / rev 1.68)  cusps=1  it=8873  found
x                      0.1  L=2.07 (fwd 0.39 / rev 1.68)  cusps=1  it=8632  found
x                      0.2  L=2.07 (fwd 0.39 / rev 1.68)  cusps=1  it=8323  found
x                      0.3  L=2.07 (fwd 0.39 / rev 1.68)  cusps=1  it=8029  found
x                      0.4  L=2.07 (fwd 0.39 / rev 1.68)  cusps=1  it=7597  found
x                      0.5  L=2.07 (fwd 0.39 / rev 1.68)  cusps=1  it=7064  found
x                      0.6  L=2.07 (fwd 0.39 / rev 1.68)  cusps=1  it=6403  found
x                      0.7  L=2.04 (fwd 0.36 / rev 1.68)  cusps=1  it=6312  found
x                      0.8  L=2.07 (fwd 0.33 / rev 1.74)  cusps=1  it=9887  found
x                      0.9  L=2.11 (fwd 0.25 / rev 1.86)  cusps=1  it=12934  found
x                      1.0  L=1.92 (fwd 0.12 / rev 1.80)  cusps=1  it=17094  found
x                      1.1  L=2.58 (fwd 2.28 / rev 0.30)  cusps=1  it=30000  best-effort
x                      1.2  L=2.54 (fwd 0.98 / rev 1.56)  cusps=1  it=19141  found
x                      1.3  L=2.47 (fwd 0.97 / rev 1.50)  cusps=1  it=14555  found
x                      1.4  L=2.38 (fwd 0.94 / rev 1.44)  cusps=1  it=10710  found
x                      1.5  L=2.19 (fwd 0.75 / rev 1.44)  cusps=1  it=9310  found
x                      1.6  L=2.08 (fwd 0.70 / rev 1.38)  cusps=1  it=9122  found
x                      1.7  L=2.13 (fwd 0.63 / rev 1.50)  cusps=1  it=8616  found
x                      1.8  L=2.11 (fwd 0.49 / rev 1.62)  cusps=1  it=8137  found
-> results/sensitivity.csv, results/figures/sensitivity.png
