combos 1152
0 4s
20 21s
40 37s
60 52s
80 68s
100 84s
120 105s
140 125s
160 142s
180 162s
200 174s
220 189s
240 205s
260 220s
280 234s
300 249s
320 262s
340 277s
360 294s
380 309s
400 323s
420 336s
440 346s
460 361s
480 374s
500 388s
520 403s
540 415s
560 424s
580 437s
600 447s
620 458s
640 467s
660 477s
680 484s
700 496s
720 506s
740 515s
760 525s
780 536s
800 545s
820 556s
840 564s
860 574s
880 585s
900 596s
920 603s
940 611s
960 619s
980 627s
1000 635s
1020 641s
1040 645s
1060 653s
1080 659s
1100 667s
1120 673s
1140 678s
2.219 75 10000 min_dist {'angle_bin_deg': 22.5, 'key_dir': True, 'key_xy': 'floor', 'key_th': 'floor', 'start_dir': 0, 'rev_mode': 'mult', 'steer_mode': 'abs', 'goal_ang2_mode': 'bearing_vs_heading', 'map_w': 0.0} {'3': np.float64(0.196), '4': np.float64(0.053), '5': np.float64(0.099), '6': np.float64(0.157), '7': np.float64(0.197), '8': np.float64(0.162), '9': np.float64(0.183), '10': np.float64(0.136), '11': np.float64(0.121), '12': np.float64(0.235), '13': np.float64(0.681)} {'3': 6179, '4': 5327, '5': 7420, '6': 8520, '7': 5564, '8': 7406, '9': 25533, '10': 9506, '11': 23476, '12': 6277, '13': 2808}
2.388 75 10000 min_dist {'angle_bin_deg': 22.5, 'key_dir': False, 'key_xy': 'floor', 'key_th': 'floor', 'start_dir': 0, 'rev_mode': 'mult', 'steer_mode': 'abs', 'goal_ang2_mode': 'bearing_vs_heading', 'map_w': 0.0} {'3': np.float64(0.297), '4': np.float64(0.118), '5': np.float64(0.099), '6': np.float64(0.157), '7': np.float64(0.197), '8': np.float64(0.162), '9': np.float64(0.183), '10': np.float64(0.136), '11': np.float64(0.116), '12': np.float64(0.243), '13': np.float64(0.681)} {'3': 5516, '4': 4853, '5': 6164, '6': 6910, '7': 4902, '8': 5626, '9': 15729, '10': 7630, '11': 17979, '12': 3757, '13': 1709}
2.467 75 9000 min_dist {'angle_bin_deg': 22.5, 'key_dir': True, 'key_xy': 'floor', 'key_th': 'floor', 'start_dir': 0, 'rev_mode': 'mult', 'steer_mode': 'abs', 'goal_ang2_mode': 'none', 'map_w': 0.0} {'3': np.float64(0.323), '4': np.float64(0.131), '5': np.float64(0.098), '6': np.float64(0.174), '7': np.float64(0.192), '8': np.float64(0.166), '9': np.float64(0.183), '10': np.float64(0.141), '11': np.float64(0.116), '12': np.float64(0.232), '13': np.float64(0.711)} {'3': 5207, '4': 4417, '5': 7143, '6': 7285, '7': 5556, '8': 6283, '9': 22299, '10': 6340, '11': 8316, '12': 6015, '13': 1463}
2.486 75 12000 min_dist {'angle_bin_deg': 22.5, 'key_dir': True, 'key_xy': 'floor', 'key_th': 'floor', 'start_dir': 0, 'rev_mode': 'mult', 'steer_mode': 'add', 'goal_ang2_mode': 'bearing_vs_heading', 'map_w': 0.0} {'3': np.float64(0.094), '4': np.float64(0.039), '5': np.float64(0.213), '6': np.float64(0.141), '7': np.float64(0.094), '8': np.float64(0.292), '9': np.float64(0.343), '10': np.float64(0.137), '11': np.float64(0.134), '12': np.float64(0.257), '13': np.float64(0.742)} {'3': 7962, '4': 7000, '5': 5799, '6': 6214, '7': 7591, '8': 30297, '9': 42595, '10': 17921, '11': 18250, '12': 10850, '13': 2750}
2.502 75 40000 best_h {'angle_bin_deg': 8, 'key_dir': False, 'key_xy': 'floor', 'key_th': 'floor', 'start_dir': 0, 'rev_mode': 'mult', 'steer_mode': 'abs', 'goal_ang2_mode': 'bearing_vs_heading', 'map_w': 0.01} {'3': np.float64(0.414), '4': np.float64(0.222), '5': np.float64(0.109), '6': np.float64(0.082), '7': np.float64(0.172), '8': np.float64(0.039), '9': np.float64(0.135), '10': np.float64(0.062), '11': np.float64(0.216), '12': np.float64(0.176), '13': np.float64(0.876)} {'3': 8782, '4': 7044, '5': 10584, '6': 18794, '7': 11689, '8': 13585, '9': 31020, '10': 13394, '11': 20371, '12': 7591, '13': 7591}
2.502 75 40000 best_h {'angle_bin_deg': 8, 'key_dir': False, 'key_xy': 'floor', 'key_th': 'int', 'start_dir': 0, 'rev_mode': 'mult', 'steer_mode': 'abs', 'goal_ang2_mode': 'bearing_vs_heading', 'map_w': 0.01} {'3': np.float64(0.414), '4': np.float64(0.222), '5': np.float64(0.109), '6': np.float64(0.082), '7': np.float64(0.172), '8': np.float64(0.039), '9': np.float64(0.135), '10': np.float64(0.062), '11': np.float64(0.216), '12': np.float64(0.176), '13': np.float64(0.876)} {'3': 8782, '4': 7044, '5': 10584, '6': 18794, '7': 11689, '8': 13585, '9': 31020, '10': 13394, '11': 20371, '12': 7591, '13': 7591}
2.53 75 8000 min_dist {'angle_bin_deg': 22.5, 'key_dir': False, 'key_xy': 'floor', 'key_th': 'floor', 'start_dir': 0, 'rev_mode': 'mult', 'steer_mode': 'abs', 'goal_ang2_mode': 'none', 'map_w': 0.0} {'3': np.float64(0.323), '4': np.float64(0.131), '5': np.float64(0.098), '6': np.float64(0.174), '7': np.float64(0.192), '8': np.float64(0.166), '9': np.float64(0.183), '10': np.float64(0.141), '11': np.float64(0.116), '12': np.float64(0.232), '13': np.float64(0.775)} {'3': 4676, '4': 4021, '5': 5920, '6': 6084, '7': 4894, '8': 4824, '9': 14030, '10': 5433, '11': 7557, '12': 3477, '13': 995}
2.532 75 30000 best_h {'angle_bin_deg': 8, 'key_dir': False, 'key_xy': 'int', 'key_th': 'floor', 'start_dir': 0, 'rev_mode': 'mult', 'steer_mode': 'abs', 'goal_ang2_mode': 'bearing_vs_heading', 'map_w': 0.01} {'3': np.float64(0.414), '4': np.float64(0.222), '5': np.float64(0.178), '6': np.float64(0.082), '7': np.float64(0.153), '8': np.float64(0.034), '9': np.float64(0.135), '10': np.float64(0.049), '11': np.float64(0.215), '12': np.float64(0.176), '13': np.float64(0.876)} {'3': 8454, '4': 6895, '5': 10066, '6': 17918, '7': 11162, '8': 12367, '9': 29484, '10': 13319, '11': 20812, '12': 7491, '13': 7491}
2.532 75 30000 best_h {'angle_bin_deg': 8, 'key_dir': False, 'key_xy': 'int', 'key_th': 'int', 'start_dir': 0, 'rev_mode': 'mult', 'steer_mode': 'abs', 'goal_ang2_mode': 'bearing_vs_heading', 'map_w': 0.01} {'3': np.float64(0.414), '4': np.float64(0.222), '5': np.float64(0.178), '6': np.float64(0.082), '7': np.float64(0.153), '8': np.float64(0.034), '9': np.float64(0.135), '10': np.float64(0.049), '11': np.float64(0.215), '12': np.float64(0.176), '13': np.float64(0.876)} {'3': 8454, '4': 6895, '5': 10066, '6': 17918, '7': 11162, '8': 12367, '9': 29484, '10': 13319, '11': 20812, '12': 7491, '13': 7491}
2.54 75 50000 best_h {'angle_bin_deg': 8, 'key_dir': True, 'key_xy': 'floor', 'key_th': 'floor', 'start_dir': 0, 'rev_mode': 'mult', 'steer_mode': 'abs', 'goal_ang2_mode': 'bearing_vs_heading', 'map_w': 0.01} {'3': np.float64(0.414), '4': np.float64(0.222), '5': np.float64(0.109), '6': np.float64(0.082), '7': np.float64(0.172), '8': np.float64(0.039), '9': np.float64(0.179), '10': np.float64(0.057), '11': np.float64(0.216), '12': np.float64(0.176), '13': np.float64(0.876)} {'3': 9341, '4': 7321, '5': 11885, '6': 23853, '7': 13623, '8': 17932, '9': 41040, '10': 15391, '11': 22219, '12': 12911, '13': 12911}
2.54 75 50000 best_h {'angle_bin_deg': 8, 'key_dir': True, 'key_xy': 'floor', 'key_th': 'int', 'start_dir': 0, 'rev_mode': 'mult', 'steer_mode': 'abs', 'goal_ang2_mode': 'bearing_vs_heading', 'map_w': 0.01} {'3': np.float64(0.414), '4': np.float64(0.222), '5': np.float64(0.109), '6': np.float64(0.082), '7': np.float64(0.172), '8': np.float64(0.039), '9': np.float64(0.179), '10': np.float64(0.057), '11': np.float64(0.216), '12': np.float64(0.176), '13': np.float64(0.876)} {'3': 9341, '4': 7321, '5': 11885, '6': 23853, '7': 13623, '8': 17932, '9': 41040, '10': 15391, '11': 22219, '12': 12911, '13': 12911}
2.599 75 12000 min_dist {'angle_bin_deg': 22.5, 'key_dir': True, 'key_xy': 'floor', 'key_th': 'floor', 'start_dir': 0, 'rev_mode': 'mult', 'steer_mode': 'add', 'goal_ang2_mode': 'none', 'map_w': 0.0} {'3': np.float64(0.115), '4': np.float64(0.035), '5': np.float64(0.225), '6': np.float64(0.163), '7': np.float64(0.115), '8': np.float64(0.292), '9': np.float64(0.343), '10': np.float64(0.137), '11': np.float64(0.134), '12': np.float64(0.252), '13': np.float64(0.789)} {'3': 7641, '4': 6346, '5': 5797, '6': 5954, '7': 7310, '8': 27756, '9': 34052, '10': 15594, '11': 18222, '12': 9948, '13': 1455}
2.603 75 40000 best_h {'angle_bin_deg': 8, 'key_dir': True, 'key_xy': 'int', 'key_th': 'floor', 'start_dir': 0, 'rev_mode': 'mult', 'steer_mode': 'abs', 'goal_ang2_mode': 'bearing_vs_heading', 'map_w': 0.01} {'3': np.float64(0.414), '4': np.float64(0.222), '5': np.float64(0.178), '6': np.float64(0.082), '7': np.float64(0.153), '8': np.float64(0.034), '9': np.float64(0.206), '10': np.float64(0.049), '11': np.float64(0.215), '12': np.float64(0.176), '13': np.float64(0.876)} {'3': 9000, '4': 7169, '5': 11354, '6': 22926, '7': 13061, '8': 16342, '9': 38031, '10': 15576, '11': 22922, '12': 12722, '13': 12722}
2.603 75 40000 best_h {'angle_bin_deg': 8, 'key_dir': True, 'key_xy': 'int', 'key_th': 'int', 'start_dir': 0, 'rev_mode': 'mult', 'steer_mode': 'abs', 'goal_ang2_mode': 'bearing_vs_heading', 'map_w': 0.01} {'3': np.float64(0.414), '4': np.float64(0.222), '5': np.float64(0.178), '6': np.float64(0.082), '7': np.float64(0.153), '8': np.float64(0.034), '9': np.float64(0.206), '10': np.float64(0.049), '11': np.float64(0.215), '12': np.float64(0.176), '13': np.float64(0.876)} {'3': 9000, '4': 7169, '5': 11354, '6': 22926, '7': 13061, '8': 16342, '9': 38031, '10': 15576, '11': 22922, '12': 12722, '13': 12722}
2.619 75 6000 min_dist {'angle_bin_deg': 22.5, 'key_dir': True, 'key_xy': 'int', 'key_th': 'int', 'start_dir': 0, 'rev_mode': 'mult', 'steer_mode': 'mult', 'goal_ang2_mode': 'bearing_vs_heading', 'map_w': 0.0} {'3': np.float64(0.277), '4': np.float64(0.095), '5': np.float64(0.114), '6': np.float64(0.113), '7': np.float64(0.185), '8': np.float64(0.104), '9': np.float64(0.164), '10': np.float64(0.4), '11': np.float64(0.173), '12': np.float64(0.162), '13': np.float64(0.833)} {'3': 3089, '4': 2590, '5': 3637, '6': 5921, '7': 3682, '8': 3447, '9': 3950, '10': 8431, '11': 14045, '12': 6116, '13': 4741}
2.625 75 5000 min_dist {'angle_bin_deg': 22.5, 'key_dir': False, 'key_xy': 'int', 'key_th': 'int', 'start_dir': 0, 'rev_mode': 'mult', 'steer_mode': 'mult', 'goal_ang2_mode': 'bearing_vs_heading', 'map_w': 0.0} {'3': np.float64(0.277), '4': np.float64(0.095), '5': np.float64(0.114), '6': np.float64(0.113), '7': np.float64(0.185), '8': np.float64(0.104), '9': np.float64(0.164), '10': np.float64(0.4), '11': np.float64(0.173), '12': np.float64(0.167), '13': np.float64(0.833)} {'3': 2764, '4': 2362, '5': 3051, '6': 4631, '7': 3212, '8': 2850, '9': 3104, '10': 6501, '11': 11313, '12': 3510, '13': 2731}
2.643 75 5000 min_dist {'angle_bin_deg': 22.5, 'key_dir': False, 'key_xy': 'int', 'key_th': 'int', 'start_dir': 0, 'rev_mode': 'mult', 'steer_mode': 'mult', 'goal_ang2_mode': 'none', 'map_w': 0.0} {'3': np.float64(0.301), '4': np.float64(0.125), '5': np.float64(0.114), '6': np.float64(0.113), '7': np.float64(0.185), '8': np.float64(0.104), '9': np.float64(0.171), '10': np.float64(0.388), '11': np.float64(0.173), '12': np.float64(0.15), '13': np.float64(0.819)} {'3': 2684, '4': 2280, '5': 3051, '6': 4631, '7': 2758, '8': 2850, '9': 3101, '10': 4816, '11': 7974, '12': 3189, '13': 1052}
2.659 75 6000 min_dist {'angle_bin_deg': 22.5, 'key_dir': True, 'key_xy': 'floor', 'key_th': 'int', 'start_dir': 0, 'rev_mode': 'mult', 'steer_mode': 'mult', 'goal_ang2_mode': 'bearing_vs_heading', 'map_w': 0.0} {'3': np.float64(0.277), '4': np.float64(0.095), '5': np.float64(0.114), '6': np.float64(0.13), '7': np.float64(0.185), '8': np.float64(0.163), '9': np.float64(0.127), '10': np.float64(0.4), '11': np.float64(0.173), '12': np.float64(0.163), '13': np.float64(0.833)} {'3': 3195, '4': 2644, '5': 3783, '6': 7480, '7': 3804, '8': 3739, '9': 4989, '10': 8797, '11': 14476, '12': 5527, '13': 5007}
2.659 75 5000 min_dist {'angle_bin_deg': 22.5, 'key_dir': False, 'key_xy': 'floor', 'key_th': 'int', 'start_dir': 0, 'rev_mode': 'mult', 'steer_mode': 'mult', 'goal_ang2_mode': 'bearing_vs_heading', 'map_w': 0.0} {'3': np.float64(0.277), '4': np.float64(0.095), '5': np.float64(0.114), '6': np.float64(0.13), '7': np.float64(0.185), '8': np.float64(0.163), '9': np.float64(0.127), '10': np.float64(0.4), '11': np.float64(0.173), '12': np.float64(0.163), '13': np.float64(0.833)} {'3': 2854, '4': 2410, '5': 3197, '6': 5849, '7': 3329, '8': 3127, '9': 3917, '10': 6774, '11': 11565, '12': 3191, '13': 2904}
2.677 75 10000 min_dist {'angle_bin_deg': 22.5, 'key_dir': True, 'key_xy': 'int', 'key_th': 'floor', 'start_dir': 0, 'rev_mode': 'mult', 'steer_mode': 'mult', 'goal_ang2_mode': 'bearing_vs_heading', 'map_w': 0.0} {'3': np.float64(0.297), '4': np.float64(0.118), '5': np.float64(0.465), '6': np.float64(0.122), '7': np.float64(0.197), '8': np.float64(0.104), '9': np.float64(0.164), '10': np.float64(0.136), '11': np.float64(0.116), '12': np.float64(0.227), '13': np.float64(0.73)} {'3': 4980, '4': 4315, '5': 6095, '6': 8680, '7': 5340, '8': 6139, '9': 5959, '10': 6916, '11': 10698, '12': 5382, '13': 3261}
2.677 75 9000 min_dist {'angle_bin_deg': 22.5, 'key_dir': False, 'key_xy': 'int', 'key_th': 'floor', 'start_dir': 0, 'rev_mode': 'mult', 'steer_mode': 'mult', 'goal_ang2_mode': 'bearing_vs_heading', 'map_w': 0.0} {'3': np.float64(0.297), '4': np.float64(0.118), '5': np.float64(0.465), '6': np.float64(0.122), '7': np.float64(0.197), '8': np.float64(0.104), '9': np.float64(0.164), '10': np.float64(0.136), '11': np.float64(0.116), '12': np.float64(0.227), '13': np.float64(0.73)} {'3': 4441, '4': 3910, '5': 5041, '6': 6829, '7': 4655, '8': 5200, '9': 4738, '10': 5836, '11': 9294, '12': 3161, '13': 1932}
2.687 75 6000 min_dist {'angle_bin_deg': 22.5, 'key_dir': False, 'key_xy': 'floor', 'key_th': 'int', 'start_dir': 0, 'rev_mode': 'mult', 'steer_mode': 'mult', 'goal_ang2_mode': 'none', 'map_w': 0.0} {'3': np.float64(0.301), '4': np.float64(0.125), '5': np.float64(0.114), '6': np.float64(0.11), '7': np.float64(0.185), '8': np.float64(0.163), '9': np.float64(0.152), '10': np.float64(0.388), '11': np.float64(0.173), '12': np.float64(0.156), '13': np.float64(0.819)} {'3': 2766, '4': 2321, '5': 3197, '6': 5404, '7': 2863, '8': 3127, '9': 3490, '10': 5112, '11': 8264, '12': 2712, '13': 1052}
2.72 75 12000 min_dist {'angle_bin_deg': 45, 'key_dir': True, 'key_xy': 'int', 'key_th': 'floor', 'start_dir': 0, 'rev_mode': 'mult', 'steer_mode': 'abs', 'goal_ang2_mode': 'bearing_vs_heading', 'map_w': 0.0} {'3': np.float64(0.208), '4': np.float64(0.051), '5': np.float64(0.659), '6': np.float64(0.214), '7': np.float64(0.208), '8': np.float64(0.119), '9': np.float64(0.372), '10': np.float64(0.365), '11': np.float64(0.118), '12': np.float64(0.327), '13': np.float64(0.079)} {'3': 3075, '4': 2676, '5': 6813, '6': 7106, '7': 3054, '8': 2477, '9': 13793, '10': 8092, '11': 13222, '12': 7315, '13': 5980}
2.724 75 6000 min_dist {'angle_bin_deg': 22.5, 'key_dir': True, 'key_xy': 'int', 'key_th': 'int', 'start_dir': 0, 'rev_mode': 'mult', 'steer_mode': 'mult', 'goal_ang2_mode': 'none', 'map_w': 0.0} {'3': np.float64(0.301), '4': np.float64(0.125), '5': np.float64(0.114), '6': np.float64(0.113), '7': np.float64(0.185), '8': np.float64(0.104), '9': np.float64(0.171), '10': np.float64(0.388), '11': np.float64(0.173), '12': np.float64(0.162), '13': np.float64(0.888)} {'3': 2999, '4': 2504, '5': 3637, '6': 5921, '7': 3112, '8': 3447, '9': 3947, '10': 5923, '11': 9581, '12': 6091, '13': 1749}
2.75 75 25000 best_h {'angle_bin_deg': 8, 'key_dir': True, 'key_xy': 'floor', 'key_th': 'floor', 'start_dir': 0, 'rev_mode': 'mult', 'steer_mode': 'abs', 'goal_ang2_mode': 'none', 'map_w': 0.0} {'3': np.float64(0.414), '4': np.float64(0.222), '5': np.float64(0.118), '6': np.float64(0.174), '7': np.float64(0.249), '8': np.float64(0.134), '9': np.float64(0.203), '10': np.float64(0.074), '11': np.float64(0.265), '12': np.float64(0.174), '13': np.float64(0.723)} {'3': 9704, '4': 8187, '5': 8475, '6': 15947, '7': 11399, '8': 10066, '9': 32662, '10': 10386, '11': 10030, '12': 10546, '13': 1764}
2.75 75 25000 best_h {'angle_bin_deg': 8, 'key_dir': True, 'key_xy': 'floor', 'key_th': 'int', 'start_dir': 0, 'rev_mode': 'mult', 'steer_mode': 'abs', 'goal_ang2_mode': 'none', 'map_w': 0.0} {'3': np.float64(0.414), '4': np.float64(0.222), '5': np.float64(0.118), '6': np.float64(0.174), '7': np.float64(0.249), '8': np.float64(0.134), '9': np.float64(0.203), '10': np.float64(0.074), '11': np.float64(0.265), '12': np.float64(0.174), '13': np.float64(0.723)} {'3': 9704, '4': 8187, '5': 8475, '6': 15947, '7': 11399, '8': 10066, '9': 32662, '10': 10386, '11': 10030, '12': 10546, '13': 1764}
2.75 75 16000 best_h {'angle_bin_deg': 8, 'key_dir': False, 'key_xy': 'floor', 'key_th': 'floor', 'start_dir': 0, 'rev_mode': 'mult', 'steer_mode': 'abs', 'goal_ang2_mode': 'none', 'map_w': 0.0} {'3': np.float64(0.414), '4': np.float64(0.222), '5': np.float64(0.118), '6': np.float64(0.174), '7': np.float64(0.249), '8': np.float64(0.134), '9': np.float64(0.203), '10': np.float64(0.074), '11': np.float64(0.265), '12': np.float64(0.174), '13': np.float64(0.723)} {'3': 9073, '4': 7807, '5': 7924, '6': 13658, '7': 10274, '8': 8128, '9': 20103, '10': 9569, '11': 9931, '12': 6252, '13': 1212}
2.75 75 16000 best_h {'angle_bin_deg': 8, 'key_dir': False, 'key_xy': 'floor', 'key_th': 'int', 'start_dir': 0, 'rev_mode': 'mult', 'steer_mode': 'abs', 'goal_ang2_mode': 'none', 'map_w': 0.0} {'3': np.float64(0.414), '4': np.float64(0.222), '5': np.float64(0.118), '6': np.float64(0.174), '7': np.float64(0.249), '8': np.float64(0.134), '9': np.float64(0.203), '10': np.float64(0.074), '11': np.float64(0.265), '12': np.float64(0.174), '13': np.float64(0.723)} {'3': 9073, '4': 7807, '5': 7924, '6': 13658, '7': 10274, '8': 8128, '9': 20103, '10': 9569, '11': 9931, '12': 6252, '13': 1212}
2.768 75 25000 min_dist {'angle_bin_deg': 8, 'key_dir': True, 'key_xy': 'int', 'key_th': 'floor', 'start_dir': 0, 'rev_mode': 'mult', 'steer_mode': 'abs', 'goal_ang2_mode': 'none', 'map_w': 0.0} {'3': np.float64(0.414), '4': np.float64(0.222), '5': np.float64(0.118), '6': np.float64(0.173), '7': np.float64(0.253), '8': np.float64(0.134), '9': np.float64(0.203), '10': np.float64(0.089), '11': np.float64(0.282), '12': np.float64(0.157), '13': np.float64(0.723)} {'3': 9360, '4': 7963, '5': 8284, '6': 15158, '7': 10774, '8': 9757, '9': 30731, '10': 12700, '11': 10946, '12': 11806, '13': 1764}
2.768 75 25000 min_dist {'angle_bin_deg': 8, 'key_dir': True, 'key_xy': 'int', 'key_th': 'int', 'start_dir': 0, 'rev_mode': 'mult', 'steer_mode': 'abs', 'goal_ang2_mode': 'none', 'map_w': 0.0} {'3': np.float64(0.414), '4': np.float64(0.222), '5': np.float64(0.118), '6': np.float64(0.173), '7': np.float64(0.253), '8': np.float64(0.134), '9': np.float64(0.203), '10': np.float64(0.089), '11': np.float64(0.282), '12': np.float64(0.157), '13': np.float64(0.723)} {'3': 9360, '4': 7963, '5': 8284, '6': 15158, '7': 10774, '8': 9757, '9': 30731, '10': 12700, '11': 10946, '12': 11806, '13': 1764}
