combos 1536
0 4s
20 10s
40 16s
60 20s
80 31s
100 39s
120 44s
140 54s
160 61s
180 67s
200 78s
220 86s
240 93s
260 98s
280 103s
300 108s
320 114s
340 120s
360 126s
380 130s
400 137s
420 142s
440 146s
460 153s
480 158s
500 163s
520 169s
540 173s
560 177s
580 182s
600 186s
620 191s
640 196s
660 201s
680 206s
700 209s
720 216s
740 220s
760 224s
780 237s
800 246s
820 252s
840 266s
860 276s
880 286s
900 297s
920 308s
940 317s
960 328s
980 340s
1000 351s
1020 358s
1040 367s
1060 373s
1080 377s
1100 389s
1120 396s
1140 402s
1160 411s
1180 418s
1200 423s
1220 433s
1240 441s
1260 449s
1280 455s
1300 460s
1320 464s
1340 467s
1360 476s
1380 482s
1400 487s
1420 494s
1440 499s
1460 503s
1480 510s
1500 516s
1520 522s
2.708 75 20000 best_h {'rev_mode': 'mult', 'steer_mode': 'abs', 'goal_ang2_mode': 'bearing_dir', 'closed_on': 'pop', 'xy_res': 0.05, 'key_th': 'floor', 'start_dir': 0, 'goal_on': 'gen', 'dedup': 'none'} {'3': np.float64(0.502), '4': np.float64(0.273), '5': np.float64(0.118), '6': np.float64(0.174), '7': np.float64(0.249), '8': np.float64(0.042), '9': np.float64(0.196), '10': np.float64(0.069), '11': np.float64(0.193), '12': np.float64(0.19), '13': np.float64(0.699)} {'3': 8232, '4': 7010, '5': 7922, '6': 13608, '7': 10177, '8': 8255, '9': 19900, '10': 6039, '11': 5104, '12': 6263, '13': 1787}
2.708 75 20000 best_h {'rev_mode': 'mult', 'steer_mode': 'abs', 'goal_ang2_mode': 'bearing_dir', 'closed_on': 'pop', 'xy_res': 0.05, 'key_th': 'int', 'start_dir': 0, 'goal_on': 'gen', 'dedup': 'none'} {'3': np.float64(0.502), '4': np.float64(0.273), '5': np.float64(0.118), '6': np.float64(0.174), '7': np.float64(0.249), '8': np.float64(0.042), '9': np.float64(0.196), '10': np.float64(0.069), '11': np.float64(0.193), '12': np.float64(0.19), '13': np.float64(0.699)} {'3': 8232, '4': 7010, '5': 7922, '6': 13608, '7': 10177, '8': 8255, '9': 19900, '10': 6039, '11': 5104, '12': 6263, '13': 1787}
2.729 75 16000 best_h {'rev_mode': 'mult', 'steer_mode': 'abs', 'goal_ang2_mode': 'bearing_dir', 'closed_on': 'pop', 'xy_res': 0.05, 'key_th': 'floor', 'start_dir': 0, 'goal_on': 'pop', 'dedup': 'none'} {'3': np.float64(0.414), '4': np.float64(0.222), '5': np.float64(0.118), '6': np.float64(0.19), '7': np.float64(0.216), '8': np.float64(0.042), '9': np.float64(0.203), '10': np.float64(0.076), '11': np.float64(0.32), '12': np.float64(0.193), '13': np.float64(0.735)} {'3': 9073, '4': 7807, '5': 7924, '6': 13752, '7': 10493, '8': 8517, '9': 20103, '10': 9757, '11': 10315, '12': 6716, '13': 2548}
2.729 75 16000 best_h {'rev_mode': 'mult', 'steer_mode': 'abs', 'goal_ang2_mode': 'bearing_dir', 'closed_on': 'pop', 'xy_res': 0.05, 'key_th': 'int', 'start_dir': 0, 'goal_on': 'pop', 'dedup': 'none'} {'3': np.float64(0.414), '4': np.float64(0.222), '5': np.float64(0.118), '6': np.float64(0.19), '7': np.float64(0.216), '8': np.float64(0.042), '9': np.float64(0.203), '10': np.float64(0.076), '11': np.float64(0.32), '12': np.float64(0.193), '13': np.float64(0.735)} {'3': 9073, '4': 7807, '5': 7924, '6': 13752, '7': 10493, '8': 8517, '9': 20103, '10': 9757, '11': 10315, '12': 6716, '13': 2548}
2.747 75 14000 best_h {'rev_mode': 'mult', 'steer_mode': 'abs', 'goal_ang2_mode': 'none', 'closed_on': 'pop', 'xy_res': 0.05, 'key_th': 'floor', 'start_dir': 0, 'goal_on': 'gen', 'dedup': 'best_g'} {'3': np.float64(0.408), '4': np.float64(0.207), '5': np.float64(0.116), '6': np.float64(0.221), '7': np.float64(0.247), '8': np.float64(0.134), '9': np.float64(0.2), '10': np.float64(0.069), '11': np.float64(0.193), '12': np.float64(0.232), '13': np.float64(0.72)} {'3': 8049, '4': 6817, '5': 5817, '6': 14123, '7': 9867, '8': 6910, '9': 13112, '10': 5800, '11': 4945, '12': 6442, '13': 1224}
2.747 75 14000 best_h {'rev_mode': 'mult', 'steer_mode': 'abs', 'goal_ang2_mode': 'none', 'closed_on': 'pop', 'xy_res': 0.05, 'key_th': 'int', 'start_dir': 0, 'goal_on': 'gen', 'dedup': 'best_g'} {'3': np.float64(0.408), '4': np.float64(0.207), '5': np.float64(0.116), '6': np.float64(0.221), '7': np.float64(0.247), '8': np.float64(0.134), '9': np.float64(0.2), '10': np.float64(0.069), '11': np.float64(0.193), '12': np.float64(0.232), '13': np.float64(0.72)} {'3': 8049, '4': 6817, '5': 5817, '6': 14123, '7': 9867, '8': 6910, '9': 13112, '10': 5800, '11': 4945, '12': 6442, '13': 1224}
2.75 75 16000 best_h {'rev_mode': 'mult', 'steer_mode': 'abs', 'goal_ang2_mode': 'none', 'closed_on': 'pop', 'xy_res': 0.05, 'key_th': 'floor', 'start_dir': 0, 'goal_on': 'pop', 'dedup': 'none'} {'3': np.float64(0.414), '4': np.float64(0.222), '5': np.float64(0.118), '6': np.float64(0.174), '7': np.float64(0.249), '8': np.float64(0.134), '9': np.float64(0.203), '10': np.float64(0.074), '11': np.float64(0.265), '12': np.float64(0.174), '13': np.float64(0.723)} {'3': 9073, '4': 7807, '5': 7924, '6': 13658, '7': 10274, '8': 8128, '9': 20103, '10': 9569, '11': 9931, '12': 6252, '13': 1212}
2.75 75 16000 best_h {'rev_mode': 'mult', 'steer_mode': 'abs', 'goal_ang2_mode': 'none', 'closed_on': 'pop', 'xy_res': 0.05, 'key_th': 'int', 'start_dir': 0, 'goal_on': 'pop', 'dedup': 'none'} {'3': np.float64(0.414), '4': np.float64(0.222), '5': np.float64(0.118), '6': np.float64(0.174), '7': np.float64(0.249), '8': np.float64(0.134), '9': np.float64(0.203), '10': np.float64(0.074), '11': np.float64(0.265), '12': np.float64(0.174), '13': np.float64(0.723)} {'3': 9073, '4': 7807, '5': 7924, '6': 13658, '7': 10274, '8': 8128, '9': 20103, '10': 9569, '11': 9931, '12': 6252, '13': 1212}
2.759 75 14000 best_h {'rev_mode': 'mult', 'steer_mode': 'abs', 'goal_ang2_mode': 'bearing_dir', 'closed_on': 'pop', 'xy_res': 0.05, 'key_th': 'floor', 'start_dir': 0, 'goal_on': 'gen', 'dedup': 'best_g'} {'3': np.float64(0.489), '4': np.float64(0.259), '5': np.float64(0.097), '6': np.float64(0.221), '7': np.float64(0.247), '8': np.float64(0.042), '9': np.float64(0.204), '10': np.float64(0.069), '11': np.float64(0.193), '12': np.float64(0.232), '13': np.float64(0.705)} {'3': 8280, '4': 7037, '5': 5968, '6': 14137, '7': 9867, '8': 7942, '9': 14440, '10': 5800, '11': 4945, '12': 6442, '13': 1968}
2.759 75 14000 best_h {'rev_mode': 'mult', 'steer_mode': 'abs', 'goal_ang2_mode': 'bearing_dir', 'closed_on': 'pop', 'xy_res': 0.05, 'key_th': 'int', 'start_dir': 0, 'goal_on': 'gen', 'dedup': 'best_g'} {'3': np.float64(0.489), '4': np.float64(0.259), '5': np.float64(0.097), '6': np.float64(0.221), '7': np.float64(0.247), '8': np.float64(0.042), '9': np.float64(0.204), '10': np.float64(0.069), '11': np.float64(0.193), '12': np.float64(0.232), '13': np.float64(0.705)} {'3': 8280, '4': 7037, '5': 5968, '6': 14137, '7': 9867, '8': 7942, '9': 14440, '10': 5800, '11': 4945, '12': 6442, '13': 1968}
2.777 75 14000 best_h {'rev_mode': 'mult', 'steer_mode': 'abs', 'goal_ang2_mode': 'bearing_dir', 'closed_on': 'pop', 'xy_res': 0.05, 'key_th': 'floor', 'start_dir': 0, 'goal_on': 'pop', 'dedup': 'best_g'} {'3': np.float64(0.421), '4': np.float64(0.228), '5': np.float64(0.13), '6': np.float64(0.221), '7': np.float64(0.197), '8': np.float64(0.042), '9': np.float64(0.204), '10': np.float64(0.076), '11': np.float64(0.32), '12': np.float64(0.24), '13': np.float64(0.697)} {'3': 9983, '4': 8614, '5': 7393, '6': 14365, '7': 10740, '8': 8201, '9': 21697, '10': 9446, '11': 10139, '12': 6541, '13': 3120}
2.777 75 14000 best_h {'rev_mode': 'mult', 'steer_mode': 'abs', 'goal_ang2_mode': 'bearing_dir', 'closed_on': 'pop', 'xy_res': 0.05, 'key_th': 'int', 'start_dir': 0, 'goal_on': 'pop', 'dedup': 'best_g'} {'3': np.float64(0.421), '4': np.float64(0.228), '5': np.float64(0.13), '6': np.float64(0.221), '7': np.float64(0.197), '8': np.float64(0.042), '9': np.float64(0.204), '10': np.float64(0.076), '11': np.float64(0.32), '12': np.float64(0.24), '13': np.float64(0.697)} {'3': 9983, '4': 8614, '5': 7393, '6': 14365, '7': 10740, '8': 8201, '9': 21697, '10': 9446, '11': 10139, '12': 6541, '13': 3120}
2.796 75 16000 best_h {'rev_mode': 'mult', 'steer_mode': 'abs', 'goal_ang2_mode': 'bearing_vs_heading', 'closed_on': 'pop', 'xy_res': 0.05, 'key_th': 'floor', 'start_dir': 0, 'goal_on': 'pop', 'dedup': 'none'} {'3': np.float64(0.414), '4': np.float64(0.222), '5': np.float64(0.118), '6': np.float64(0.19), '7': np.float64(0.216), '8': np.float64(0.123), '9': np.float64(0.203), '10': np.float64(0.069), '11': np.float64(0.32), '12': np.float64(0.187), '13': np.float64(0.735)} {'3': 9073, '4': 7807, '5': 7924, '6': 13752, '7': 10493, '8': 8960, '9': 20103, '10': 12487, '11': 10315, '12': 7378, '13': 2548}
2.796 75 16000 best_h {'rev_mode': 'mult', 'steer_mode': 'abs', 'goal_ang2_mode': 'bearing_vs_heading', 'closed_on': 'pop', 'xy_res': 0.05, 'key_th': 'int', 'start_dir': 0, 'goal_on': 'pop', 'dedup': 'none'} {'3': np.float64(0.414), '4': np.float64(0.222), '5': np.float64(0.118), '6': np.float64(0.19), '7': np.float64(0.216), '8': np.float64(0.123), '9': np.float64(0.203), '10': np.float64(0.069), '11': np.float64(0.32), '12': np.float64(0.187), '13': np.float64(0.735)} {'3': 9073, '4': 7807, '5': 7924, '6': 13752, '7': 10493, '8': 8960, '9': 20103, '10': 12487, '11': 10315, '12': 7378, '13': 2548}
2.814 75 14000 best_h {'rev_mode': 'mult', 'steer_mode': 'abs', 'goal_ang2_mode': 'none', 'closed_on': 'pop', 'xy_res': 0.05, 'key_th': 'floor', 'start_dir': 0, 'goal_on': 'pop', 'dedup': 'best_g'} {'3': np.float64(0.409), '4': np.float64(0.208), '5': np.float64(0.097), '6': np.float64(0.221), '7': np.float64(0.247), '8': np.float64(0.134), '9': np.float64(0.204), '10': np.float64(0.074), '11': np.float64(0.265), '12': np.float64(0.232), '13': np.float64(0.723)} {'3': 9845, '4': 8493, '5': 6093, '6': 14153, '7': 9943, '8': 7820, '9': 17687, '10': 9258, '11': 9752, '12': 6449, '13': 1400}
2.814 75 14000 best_h {'rev_mode': 'mult', 'steer_mode': 'abs', 'goal_ang2_mode': 'none', 'closed_on': 'pop', 'xy_res': 0.05, 'key_th': 'int', 'start_dir': 0, 'goal_on': 'pop', 'dedup': 'best_g'} {'3': np.float64(0.409), '4': np.float64(0.208), '5': np.float64(0.097), '6': np.float64(0.221), '7': np.float64(0.247), '8': np.float64(0.134), '9': np.float64(0.204), '10': np.float64(0.074), '11': np.float64(0.265), '12': np.float64(0.232), '13': np.float64(0.723)} {'3': 9845, '4': 8493, '5': 6093, '6': 14153, '7': 9943, '8': 7820, '9': 17687, '10': 9258, '11': 9752, '12': 6449, '13': 1400}
2.823 75 25000 best_h {'rev_mode': 'mult', 'steer_mode': 'abs', 'goal_ang2_mode': 'bearing_vs_goal', 'closed_on': 'pop', 'xy_res': 0.05, 'key_th': 'floor', 'start_dir': 0, 'goal_on': 'pop', 'dedup': 'none'} {'3': np.float64(0.414), '4': np.float64(0.222), '5': np.float64(0.118), '6': np.float64(0.19), '7': np.float64(0.216), '8': np.float64(0.134), '9': np.float64(0.197), '10': np.float64(0.069), '11': np.float64(0.32), '12': np.float64(0.187), '13': np.float64(0.757)} {'3': 9073, '4': 7807, '5': 7924, '6': 13752, '7': 10493, '8': 8128, '9': 23767, '10': 12487, '11': 10315, '12': 7378, '13': 6764}
2.823 75 25000 best_h {'rev_mode': 'mult', 'steer_mode': 'abs', 'goal_ang2_mode': 'bearing_vs_goal', 'closed_on': 'pop', 'xy_res': 0.05, 'key_th': 'int', 'start_dir': 0, 'goal_on': 'pop', 'dedup': 'none'} {'3': np.float64(0.414), '4': np.float64(0.222), '5': np.float64(0.118), '6': np.float64(0.19), '7': np.float64(0.216), '8': np.float64(0.134), '9': np.float64(0.197), '10': np.float64(0.069), '11': np.float64(0.32), '12': np.float64(0.187), '13': np.float64(0.757)} {'3': 9073, '4': 7807, '5': 7924, '6': 13752, '7': 10493, '8': 8128, '9': 23767, '10': 12487, '11': 10315, '12': 7378, '13': 6764}
2.845 75 14000 best_h {'rev_mode': 'mult', 'steer_mode': 'abs', 'goal_ang2_mode': 'bearing_vs_heading', 'closed_on': 'pop', 'xy_res': 0.05, 'key_th': 'floor', 'start_dir': 0, 'goal_on': 'pop', 'dedup': 'best_g'} {'3': np.float64(0.421), '4': np.float64(0.228), '5': np.float64(0.13), '6': np.float64(0.221), '7': np.float64(0.197), '8': np.float64(0.123), '9': np.float64(0.204), '10': np.float64(0.069), '11': np.float64(0.32), '12': np.float64(0.234), '13': np.float64(0.697)} {'3': 9983, '4': 8614, '5': 7393, '6': 14273, '7': 10740, '8': 8628, '9': 17687, '10': 12222, '11': 10139, '12': 6560, '13': 3120}
2.845 75 14000 best_h {'rev_mode': 'mult', 'steer_mode': 'abs', 'goal_ang2_mode': 'bearing_vs_heading', 'closed_on': 'pop', 'xy_res': 0.05, 'key_th': 'int', 'start_dir': 0, 'goal_on': 'pop', 'dedup': 'best_g'} {'3': np.float64(0.421), '4': np.float64(0.228), '5': np.float64(0.13), '6': np.float64(0.221), '7': np.float64(0.197), '8': np.float64(0.123), '9': np.float64(0.204), '10': np.float64(0.069), '11': np.float64(0.32), '12': np.float64(0.234), '13': np.float64(0.697)} {'3': 9983, '4': 8614, '5': 7393, '6': 14273, '7': 10740, '8': 8628, '9': 17687, '10': 12222, '11': 10139, '12': 6560, '13': 3120}
2.858 75 18000 best_h {'rev_mode': 'mult', 'steer_mode': 'abs', 'goal_ang2_mode': 'bearing_vs_heading', 'closed_on': 'pop', 'xy_res': 0.05, 'key_th': 'floor', 'start_dir': 0, 'goal_on': 'gen', 'dedup': 'none'} {'3': np.float64(0.502), '4': np.float64(0.273), '5': np.float64(0.118), '6': np.float64(0.174), '7': np.float64(0.249), '8': np.float64(0.123), '9': np.float64(0.197), '10': np.float64(0.071), '11': np.float64(0.263), '12': np.float64(0.187), '13': np.float64(0.699)} {'3': 8232, '4': 7010, '5': 7922, '6': 13608, '7': 10177, '8': 7792, '9': 17989, '10': 11301, '11': 9939, '12': 6722, '13': 1787}
2.858 75 18000 best_h {'rev_mode': 'mult', 'steer_mode': 'abs', 'goal_ang2_mode': 'bearing_vs_heading', 'closed_on': 'pop', 'xy_res': 0.05, 'key_th': 'int', 'start_dir': 0, 'goal_on': 'gen', 'dedup': 'none'} {'3': np.float64(0.502), '4': np.float64(0.273), '5': np.float64(0.118), '6': np.float64(0.174), '7': np.float64(0.249), '8': np.float64(0.123), '9': np.float64(0.197), '10': np.float64(0.071), '11': np.float64(0.263), '12': np.float64(0.187), '13': np.float64(0.699)} {'3': 8232, '4': 7010, '5': 7922, '6': 13608, '7': 10177, '8': 7792, '9': 17989, '10': 11301, '11': 9939, '12': 6722, '13': 1787}
2.902 75 14000 best_h {'rev_mode': 'mult', 'steer_mode': 'abs', 'goal_ang2_mode': 'bearing_vs_heading', 'closed_on': 'pop', 'xy_res': 0.05, 'key_th': 'floor', 'start_dir': 0, 'goal_on': 'gen', 'dedup': 'best_g'} {'3': np.float64(0.489), '4': np.float64(0.259), '5': np.float64(0.097), '6': np.float64(0.221), '7': np.float64(0.247), '8': np.float64(0.123), '9': np.float64(0.201), '10': np.float64(0.071), '11': np.float64(0.263), '12': np.float64(0.226), '13': np.float64(0.705)} {'3': 8280, '4': 7037, '5': 5968, '6': 14137, '7': 9867, '8': 7485, '9': 13112, '10': 11037, '11': 9760, '12': 6459, '13': 1968}
2.902 75 14000 best_h {'rev_mode': 'mult', 'steer_mode': 'abs', 'goal_ang2_mode': 'bearing_vs_heading', 'closed_on': 'pop', 'xy_res': 0.05, 'key_th': 'int', 'start_dir': 0, 'goal_on': 'gen', 'dedup': 'best_g'} {'3': np.float64(0.489), '4': np.float64(0.259), '5': np.float64(0.097), '6': np.float64(0.221), '7': np.float64(0.247), '8': np.float64(0.123), '9': np.float64(0.201), '10': np.float64(0.071), '11': np.float64(0.263), '12': np.float64(0.226), '13': np.float64(0.705)} {'3': 8280, '4': 7037, '5': 5968, '6': 14137, '7': 9867, '8': 7485, '9': 13112, '10': 11037, '11': 9760, '12': 6459, '13': 1968}
2.908 75 14000 best_h {'rev_mode': 'mult', 'steer_mode': 'abs', 'goal_ang2_mode': 'bearing_vs_goal', 'closed_on': 'pop', 'xy_res': 0.05, 'key_th': 'floor', 'start_dir': 0, 'goal_on': 'pop', 'dedup': 'best_g'} {'3': np.float64(0.421), '4': np.float64(0.228), '5': np.float64(0.13), '6': np.float64(0.221), '7': np.float64(0.197), '8': np.float64(0.134), '9': np.float64(0.204), '10': np.float64(0.069), '11': np.float64(0.32), '12': np.float64(0.234), '13': np.float64(0.749)} {'3': 9983, '4': 8614, '5': 7393, '6': 14153, '7': 10740, '8': 7820, '9': 17687, '10': 12222, '11': 10139, '12': 6560, '13': 6560}
2.908 75 14000 best_h {'rev_mode': 'mult', 'steer_mode': 'abs', 'goal_ang2_mode': 'bearing_vs_goal', 'closed_on': 'pop', 'xy_res': 0.05, 'key_th': 'int', 'start_dir': 0, 'goal_on': 'pop', 'dedup': 'best_g'} {'3': np.float64(0.421), '4': np.float64(0.228), '5': np.float64(0.13), '6': np.float64(0.221), '7': np.float64(0.197), '8': np.float64(0.134), '9': np.float64(0.204), '10': np.float64(0.069), '11': np.float64(0.32), '12': np.float64(0.234), '13': np.float64(0.749)} {'3': 9983, '4': 8614, '5': 7393, '6': 14153, '7': 10740, '8': 7820, '9': 17687, '10': 12222, '11': 10139, '12': 6560, '13': 6560}
2.948 75 18000 best_h {'rev_mode': 'mult', 'steer_mode': 'abs', 'goal_ang2_mode': 'bearing_vs_goal', 'closed_on': 'pop', 'xy_res': 0.05, 'key_th': 'floor', 'start_dir': 0, 'goal_on': 'gen', 'dedup': 'none'} {'3': np.float64(0.502), '4': np.float64(0.273), '5': np.float64(0.118), '6': np.float64(0.19), '7': np.float64(0.217), '8': np.float64(0.134), '9': np.float64(0.197), '10': np.float64(0.071), '11': np.float64(0.289), '12': np.float64(0.192), '13': np.float64(0.765)} {'3': 8232, '4': 7010, '5': 7922, '6': 13751, '7': 10492, '8': 7163, '9': 17989, '10': 11301, '11': 10107, '12': 6716, '13': 6248}
2.948 75 18000 best_h {'rev_mode': 'mult', 'steer_mode': 'abs', 'goal_ang2_mode': 'bearing_vs_goal', 'closed_on': 'pop', 'xy_res': 0.05, 'key_th': 'int', 'start_dir': 0, 'goal_on': 'gen', 'dedup': 'none'} {'3': np.float64(0.502), '4': np.float64(0.273), '5': np.float64(0.118), '6': np.float64(0.19), '7': np.float64(0.217), '8': np.float64(0.134), '9': np.float64(0.197), '10': np.float64(0.071), '11': np.float64(0.289), '12': np.float64(0.192), '13': np.float64(0.765)} {'3': 8232, '4': 7010, '5': 7922, '6': 13751, '7': 10492, '8': 7163, '9': 17989, '10': 11301, '11': 10107, '12': 6716, '13': 6248}
2.954 75 14000 best_h {'rev_mode': 'mult', 'steer_mode': 'abs', 'goal_ang2_mode': 'bearing_vs_goal', 'closed_on': 'pop', 'xy_res': 0.05, 'key_th': 'floor', 'start_dir': 0, 'goal_on': 'gen', 'dedup': 'best_g'} {'3': np.float64(0.489), '4': np.float64(0.259), '5': np.float64(0.116), '6': np.float64(0.221), '7': np.float64(0.185), '8': np.float64(0.134), '9': np.float64(0.201), '10': np.float64(0.071), '11': np.float64(0.289), '12': np.float64(0.228), '13': np.float64(0.761)} {'3': 8280, '4': 7037, '5': 5817, '6': 14123, '7': 10678, '8': 6910, '9': 13112, '10': 11037, '11': 9932, '12': 6459, '13': 6459}
2.954 75 14000 best_h {'rev_mode': 'mult', 'steer_mode': 'abs', 'goal_ang2_mode': 'bearing_vs_goal', 'closed_on': 'pop', 'xy_res': 0.05, 'key_th': 'int', 'start_dir': 0, 'goal_on': 'gen', 'dedup': 'best_g'} {'3': np.float64(0.489), '4': np.float64(0.259), '5': np.float64(0.116), '6': np.float64(0.221), '7': np.float64(0.185), '8': np.float64(0.134), '9': np.float64(0.201), '10': np.float64(0.071), '11': np.float64(0.289), '12': np.float64(0.228), '13': np.float64(0.761)} {'3': 8280, '4': 7037, '5': 5817, '6': 14123, '7': 10678, '8': 6910, '9': 13112, '10': 11037, '11': 9932, '12': 6459, '13': 6459}
