combos 1728
0 0s
20 5s
40 8s
60 11s
80 14s
100 16s
120 19s
140 23s
160 26s
180 30s
200 33s
220 34s
240 41s
260 48s
280 54s
300 59s
320 63s
340 68s
360 73s
380 77s
400 81s
420 85s
440 89s
460 90s
480 93s
500 96s
520 99s
540 101s
560 103s
580 105s
600 108s
620 111s
640 113s
660 117s
680 119s
700 124s
720 127s
740 132s
760 136s
780 140s
800 142s
820 145s
840 149s
860 153s
880 161s
900 170s
920 180s
940 187s
960 193s
980 201s
1000 206s
1020 211s
1040 218s
1060 223s
1080 232s
1100 243s
1120 256s
1140 268s
1160 279s
1180 291s
1200 301s
1220 310s
1240 317s
1260 328s
1280 335s
1300 342s
1320 347s
1340 352s
1360 358s
1380 363s
1400 367s
1420 373s
1440 378s
1460 382s
1480 386s
1500 391s
1520 400s
1540 408s
1560 415s
1580 424s
1600 431s
1620 439s
1640 447s
1660 454s
1680 460s
1700 466s
1720 472s
2.219 75 10000 min_dist {'angle_bin_deg': 22.5, 'key_dir': True, 'rev_mode': 'mult', 'steer_mode': 'abs', 'goal_ang2_mode': 'bearing_vs_heading', 'closed_on': 'pop', 'xy_res': 0.05, 'key_th': 'floor', 'goal_on': 'pop'} {'3': np.float64(0.196), '4': np.float64(0.053), '5': np.float64(0.099), '6': np.float64(0.157), '7': np.float64(0.197), '8': np.float64(0.162), '9': np.float64(0.183), '10': np.float64(0.136), '11': np.float64(0.121), '12': np.float64(0.235), '13': np.float64(0.681)} {'3': 6179, '4': 5327, '5': 7420, '6': 8520, '7': 5564, '8': 7406, '9': 25533, '10': 9506, '11': 23476, '12': 6277, '13': 2808}
2.228 75 9000 min_dist {'angle_bin_deg': 22.5, 'key_dir': True, 'rev_mode': 'mult', 'steer_mode': 'abs', 'goal_ang2_mode': 'bearing_dir', 'closed_on': 'pop', 'xy_res': 0.05, 'key_th': 'floor', 'goal_on': 'pop'} {'3': np.float64(0.196), '4': np.float64(0.053), '5': np.float64(0.099), '6': np.float64(0.157), '7': np.float64(0.197), '8': np.float64(0.169), '9': np.float64(0.183), '10': np.float64(0.141), '11': np.float64(0.121), '12': np.float64(0.232), '13': np.float64(0.681)} {'3': 6179, '4': 5327, '5': 7420, '6': 8520, '7': 5564, '8': 17863, '9': 25533, '10': 6340, '11': 13007, '12': 6015, '13': 2808}
2.317 75 10000 min_dist {'angle_bin_deg': 45, 'key_dir': True, 'rev_mode': 'mult', 'steer_mode': 'add', 'goal_ang2_mode': 'bearing_vs_heading', 'closed_on': 'push', 'xy_res': 0.05, 'key_th': 'round', 'goal_on': 'gen'} {'3': np.float64(0.267), '4': np.float64(0.224), '5': np.float64(0.091), '6': np.float64(0.157), '7': np.float64(0.167), '8': np.float64(0.141), '9': np.float64(0.206), '10': np.float64(0.068), '11': np.float64(0.197), '12': np.float64(0.123), '13': np.float64(0.675)} {'3': 6715, '4': 8903, '5': 7407, '6': 5845, '7': 5548, '8': 19026, '9': 34782, '10': 13298, '11': 10484, '12': 5696, '13': 960}
2.321 75 10000 min_dist {'angle_bin_deg': 45, 'key_dir': True, 'rev_mode': 'mult', 'steer_mode': 'add', 'goal_ang2_mode': 'none', 'closed_on': 'push', 'xy_res': 0.05, 'key_th': 'round', 'goal_on': 'pop'} {'3': np.float64(0.267), '4': np.float64(0.231), '5': np.float64(0.083), '6': np.float64(0.157), '7': np.float64(0.167), '8': np.float64(0.141), '9': np.float64(0.206), '10': np.float64(0.068), '11': np.float64(0.197), '12': np.float64(0.124), '13': np.float64(0.679)} {'3': 6716, '4': 8902, '5': 7995, '6': 5846, '7': 5655, '8': 17500, '9': 25910, '10': 11662, '11': 10484, '12': 5696, '13': 961}
2.381 75 10000 min_dist {'angle_bin_deg': 45, 'key_dir': True, 'rev_mode': 'mult', 'steer_mode': 'add', 'goal_ang2_mode': 'none', 'closed_on': 'push', 'xy_res': 0.05, 'key_th': 'round', 'goal_on': 'gen'} {'3': np.float64(0.267), '4': np.float64(0.286), '5': np.float64(0.091), '6': np.float64(0.157), '7': np.float64(0.167), '8': np.float64(0.141), '9': np.float64(0.206), '10': np.float64(0.068), '11': np.float64(0.197), '12': np.float64(0.125), '13': np.float64(0.675)} {'3': 6715, '4': 7196, '5': 7407, '6': 5845, '7': 5548, '8': 13713, '9': 18161, '10': 10561, '11': 10483, '12': 5695, '13': 960}
2.381 75 10000 min_dist {'angle_bin_deg': 45, 'key_dir': True, 'rev_mode': 'mult', 'steer_mode': 'add', 'goal_ang2_mode': 'bearing_dir', 'closed_on': 'push', 'xy_res': 0.05, 'key_th': 'round', 'goal_on': 'gen'} {'3': np.float64(0.267), '4': np.float64(0.286), '5': np.float64(0.091), '6': np.float64(0.157), '7': np.float64(0.167), '8': np.float64(0.141), '9': np.float64(0.206), '10': np.float64(0.068), '11': np.float64(0.197), '12': np.float64(0.125), '13': np.float64(0.675)} {'3': 6715, '4': 8910, '5': 7407, '6': 5845, '7': 5548, '8': 19026, '9': 34782, '10': 10561, '11': 10648, '12': 5695, '13': 960}
2.388 75 10000 min_dist {'angle_bin_deg': 22.5, 'key_dir': False, 'rev_mode': 'mult', 'steer_mode': 'abs', 'goal_ang2_mode': 'bearing_vs_heading', 'closed_on': 'pop', 'xy_res': 0.05, 'key_th': 'floor', 'goal_on': 'pop'} {'3': np.float64(0.297), '4': np.float64(0.118), '5': np.float64(0.099), '6': np.float64(0.157), '7': np.float64(0.197), '8': np.float64(0.162), '9': np.float64(0.183), '10': np.float64(0.136), '11': np.float64(0.116), '12': np.float64(0.243), '13': np.float64(0.681)} {'3': 5516, '4': 4853, '5': 6164, '6': 6910, '7': 4902, '8': 5626, '9': 15729, '10': 7630, '11': 17979, '12': 3757, '13': 1709}
2.39 75 10000 min_dist {'angle_bin_deg': 22.5, 'key_dir': False, 'rev_mode': 'mult', 'steer_mode': 'abs', 'goal_ang2_mode': 'bearing_dir', 'closed_on': 'pop', 'xy_res': 0.05, 'key_th': 'floor', 'goal_on': 'pop'} {'3': np.float64(0.297), '4': np.float64(0.118), '5': np.float64(0.099), '6': np.float64(0.157), '7': np.float64(0.197), '8': np.float64(0.169), '9': np.float64(0.183), '10': np.float64(0.141), '11': np.float64(0.116), '12': np.float64(0.232), '13': np.float64(0.681)} {'3': 5516, '4': 4853, '5': 6164, '6': 6910, '7': 4902, '8': 12498, '9': 15729, '10': 5433, '11': 10903, '12': 3477, '13': 1709}
2.391 75 12000 min_dist {'angle_bin_deg': 45, 'key_dir': True, 'rev_mode': 'mult', 'steer_mode': 'add', 'goal_ang2_mode': 'bearing_vs_heading', 'closed_on': 'push', 'xy_res': 0.05, 'key_th': 'round', 'goal_on': 'pop'} {'3': np.float64(0.267), '4': np.float64(0.292), '5': np.float64(0.083), '6': np.float64(0.157), '7': np.float64(0.186), '8': np.float64(0.141), '9': np.float64(0.206), '10': np.float64(0.068), '11': np.float64(0.197), '12': np.float64(0.119), '13': np.float64(0.675)} {'3': 6716, '4': 11474, '5': 7995, '6': 5876, '7': 5894, '8': 23444, '9': 34810, '10': 16808, '11': 20805, '12': 5698, '13': 1593}
2.423 75 8000 min_dist {'angle_bin_deg': 22.5, 'key_dir': True, 'rev_mode': 'mult', 'steer_mode': 'abs', 'goal_ang2_mode': 'bearing_vs_heading', 'closed_on': 'pop', 'xy_res': 0.05, 'key_th': 'floor', 'goal_on': 'gen'} {'3': np.float64(0.326), '4': np.float64(0.131), '5': np.float64(0.098), '6': np.float64(0.174), '7': np.float64(0.185), '8': np.float64(0.162), '9': np.float64(0.183), '10': np.float64(0.136), '11': np.float64(0.121), '12': np.float64(0.227), '13': np.float64(0.681)} {'3': 5201, '4': 4411, '5': 7139, '6': 7283, '7': 5520, '8': 6283, '9': 22299, '10': 6810, '11': 14170, '12': 6019, '13': 2745}
2.427 75 12000 min_dist {'angle_bin_deg': 22.5, 'key_dir': False, 'rev_mode': 'mult', 'steer_mode': 'abs', 'goal_ang2_mode': 'bearing_vs_heading', 'closed_on': 'pop', 'xy_res': 0.05, 'key_th': 'floor', 'goal_on': 'gen'} {'3': np.float64(0.326), '4': np.float64(0.131), '5': np.float64(0.098), '6': np.float64(0.174), '7': np.float64(0.185), '8': np.float64(0.162), '9': np.float64(0.183), '10': np.float64(0.136), '11': np.float64(0.113), '12': np.float64(0.227), '13': np.float64(0.693)} {'3': 4670, '4': 4015, '5': 5916, '6': 6082, '7': 4865, '8': 4824, '9': 14030, '10': 5790, '11': 11719, '12': 3481, '13': 1458}
2.433 75 6000 min_dist {'angle_bin_deg': 45, 'key_dir': False, 'rev_mode': 'mult', 'steer_mode': 'add', 'goal_ang2_mode': 'bearing_vs_heading', 'closed_on': 'push', 'xy_res': 0.05, 'key_th': 'round', 'goal_on': 'pop'} {'3': np.float64(0.304), '4': np.float64(0.188), '5': np.float64(0.1), '6': np.float64(0.153), '7': np.float64(0.22), '8': np.float64(0.139), '9': np.float64(0.233), '10': np.float64(0.068), '11': np.float64(0.197), '12': np.float64(0.127), '13': np.float64(0.703)} {'3': 7169, '4': 6459, '5': 5705, '6': 3877, '7': 3765, '8': 17734, '9': 17521, '10': 9464, '11': 14798, '12': 4451, '13': 1901}
2.438 75 6000 min_dist {'angle_bin_deg': 45, 'key_dir': False, 'rev_mode': 'mult', 'steer_mode': 'add', 'goal_ang2_mode': 'bearing_dir', 'closed_on': 'push', 'xy_res': 0.05, 'key_th': 'round', 'goal_on': 'pop'} {'3': np.float64(0.304), '4': np.float64(0.188), '5': np.float64(0.1), '6': np.float64(0.153), '7': np.float64(0.22), '8': np.float64(0.139), '9': np.float64(0.233), '10': np.float64(0.068), '11': np.float64(0.197), '12': np.float64(0.132), '13': np.float64(0.703)} {'3': 8245, '4': 7437, '5': 5705, '6': 3877, '7': 3765, '8': 17734, '9': 17521, '10': 7179, '11': 14639, '12': 3876, '13': 1901}
2.445 75 8000 min_dist {'angle_bin_deg': 22.5, 'key_dir': True, 'rev_mode': 'mult', 'steer_mode': 'abs', 'goal_ang2_mode': 'bearing_dir', 'closed_on': 'pop', 'xy_res': 0.05, 'key_th': 'floor', 'goal_on': 'gen'} {'3': np.float64(0.326), '4': np.float64(0.131), '5': np.float64(0.098), '6': np.float64(0.174), '7': np.float64(0.185), '8': np.float64(0.161), '9': np.float64(0.183), '10': np.float64(0.156), '11': np.float64(0.118), '12': np.float64(0.232), '13': np.float64(0.681)} {'3': 5201, '4': 4411, '5': 7139, '6': 7283, '7': 5520, '8': 7406, '9': 24696, '10': 6090, '11': 7920, '12': 6014, '13': 2745}
2.457 75 8000 min_dist {'angle_bin_deg': 22.5, 'key_dir': False, 'rev_mode': 'mult', 'steer_mode': 'abs', 'goal_ang2_mode': 'bearing_dir', 'closed_on': 'pop', 'xy_res': 0.05, 'key_th': 'floor', 'goal_on': 'gen'} {'3': np.float64(0.326), '4': np.float64(0.131), '5': np.float64(0.098), '6': np.float64(0.174), '7': np.float64(0.185), '8': np.float64(0.161), '9': np.float64(0.183), '10': np.float64(0.156), '11': np.float64(0.118), '12': np.float64(0.232), '13': np.float64(0.693)} {'3': 4670, '4': 4015, '5': 5916, '6': 6082, '7': 4865, '8': 5626, '9': 15340, '10': 5236, '11': 7258, '12': 3476, '13': 1458}
2.461 75 8000 min_dist {'angle_bin_deg': 22.5, 'key_dir': True, 'rev_mode': 'mult', 'steer_mode': 'abs', 'goal_ang2_mode': 'none', 'closed_on': 'pop', 'xy_res': 0.05, 'key_th': 'floor', 'goal_on': 'gen'} {'3': np.float64(0.326), '4': np.float64(0.131), '5': np.float64(0.098), '6': np.float64(0.174), '7': np.float64(0.185), '8': np.float64(0.166), '9': np.float64(0.183), '10': np.float64(0.142), '11': np.float64(0.116), '12': np.float64(0.232), '13': np.float64(0.709)} {'3': 5201, '4': 4411, '5': 7139, '6': 7283, '7': 5520, '8': 5647, '9': 21960, '10': 6025, '11': 4164, '12': 6014, '13': 1291}
2.463 75 8000 min_dist {'angle_bin_deg': 45, 'key_dir': True, 'rev_mode': 'mult', 'steer_mode': 'add', 'goal_ang2_mode': 'bearing_dir', 'closed_on': 'push', 'xy_res': 0.05, 'key_th': 'round', 'goal_on': 'pop'} {'3': np.float64(0.267), '4': np.float64(0.3), '5': np.float64(0.083), '6': np.float64(0.157), '7': np.float64(0.186), '8': np.float64(0.184), '9': np.float64(0.22), '10': np.float64(0.068), '11': np.float64(0.197), '12': np.float64(0.124), '13': np.float64(0.675)} {'3': 6716, '4': 11474, '5': 7995, '6': 5876, '7': 5894, '8': 23444, '9': 34810, '10': 11662, '11': 21278, '12': 5696, '13': 1593}
2.467 75 9000 min_dist {'angle_bin_deg': 22.5, 'key_dir': True, 'rev_mode': 'mult', 'steer_mode': 'abs', 'goal_ang2_mode': 'none', 'closed_on': 'pop', 'xy_res': 0.05, 'key_th': 'floor', 'goal_on': 'pop'} {'3': np.float64(0.323), '4': np.float64(0.131), '5': np.float64(0.098), '6': np.float64(0.174), '7': np.float64(0.192), '8': np.float64(0.166), '9': np.float64(0.183), '10': np.float64(0.141), '11': np.float64(0.116), '12': np.float64(0.232), '13': np.float64(0.711)} {'3': 5207, '4': 4417, '5': 7143, '6': 7285, '7': 5556, '8': 6283, '9': 22299, '10': 6340, '11': 8316, '12': 6015, '13': 1463}
2.477 75 4000 min_dist {'angle_bin_deg': 45, 'key_dir': False, 'rev_mode': 'mult', 'steer_mode': 'add', 'goal_ang2_mode': 'bearing_vs_heading', 'closed_on': 'push', 'xy_res': 0.05, 'key_th': 'round', 'goal_on': 'gen'} {'3': np.float64(0.304), '4': np.float64(0.188), '5': np.float64(0.163), '6': np.float64(0.152), '7': np.float64(0.22), '8': np.float64(0.139), '9': np.float64(0.216), '10': np.float64(0.068), '11': np.float64(0.197), '12': np.float64(0.127), '13': np.float64(0.703)} {'3': 6580, '4': 5918, '5': 5584, '6': 3857, '7': 3764, '8': 17710, '9': 17500, '10': 8600, '11': 14797, '12': 3266, '13': 1344}
2.483 75 4000 min_dist {'angle_bin_deg': 45, 'key_dir': False, 'rev_mode': 'mult', 'steer_mode': 'add', 'goal_ang2_mode': 'bearing_dir', 'closed_on': 'push', 'xy_res': 0.05, 'key_th': 'round', 'goal_on': 'gen'} {'3': np.float64(0.304), '4': np.float64(0.188), '5': np.float64(0.163), '6': np.float64(0.152), '7': np.float64(0.22), '8': np.float64(0.139), '9': np.float64(0.216), '10': np.float64(0.068), '11': np.float64(0.197), '12': np.float64(0.132), '13': np.float64(0.703)} {'3': 6580, '4': 5918, '5': 5584, '6': 3857, '7': 3764, '8': 17710, '9': 17500, '10': 6590, '11': 11129, '12': 3264, '13': 1344}
2.486 75 12000 min_dist {'angle_bin_deg': 22.5, 'key_dir': True, 'rev_mode': 'mult', 'steer_mode': 'add', 'goal_ang2_mode': 'bearing_vs_heading', 'closed_on': 'pop', 'xy_res': 0.05, 'key_th': 'floor', 'goal_on': 'pop'} {'3': np.float64(0.094), '4': np.float64(0.039), '5': np.float64(0.213), '6': np.float64(0.141), '7': np.float64(0.094), '8': np.float64(0.292), '9': np.float64(0.343), '10': np.float64(0.137), '11': np.float64(0.134), '12': np.float64(0.257), '13': np.float64(0.742)} {'3': 7962, '4': 7000, '5': 5799, '6': 6214, '7': 7591, '8': 30297, '9': 42595, '10': 17921, '11': 18250, '12': 10850, '13': 2750}
2.486 75 14000 min_dist {'angle_bin_deg': 22.5, 'key_dir': True, 'rev_mode': 'mult', 'steer_mode': 'add', 'goal_ang2_mode': 'bearing_dir', 'closed_on': 'pop', 'xy_res': 0.05, 'key_th': 'floor', 'goal_on': 'pop'} {'3': np.float64(0.094), '4': np.float64(0.039), '5': np.float64(0.214), '6': np.float64(0.141), '7': np.float64(0.094), '8': np.float64(0.292), '9': np.float64(0.343), '10': np.float64(0.137), '11': np.float64(0.134), '12': np.float64(0.257), '13': np.float64(0.742)} {'3': 7962, '4': 7000, '5': 13562, '6': 6214, '7': 7591, '8': 30297, '9': 42595, '10': 15594, '11': 18250, '12': 10850, '13': 2750}
2.511 75 4000 min_dist {'angle_bin_deg': 45, 'key_dir': False, 'rev_mode': 'mult', 'steer_mode': 'add', 'goal_ang2_mode': 'none', 'closed_on': 'push', 'xy_res': 0.05, 'key_th': 'round', 'goal_on': 'gen'} {'3': np.float64(0.304), '4': np.float64(0.188), '5': np.float64(0.163), '6': np.float64(0.152), '7': np.float64(0.22), '8': np.float64(0.139), '9': np.float64(0.216), '10': np.float64(0.068), '11': np.float64(0.197), '12': np.float64(0.131), '13': np.float64(0.733)} {'3': 5430, '4': 4857, '5': 5584, '6': 3857, '7': 3764, '8': 17710, '9': 17500, '10': 6590, '11': 11129, '12': 3127, '13': 567}
2.521 75 4000 min_dist {'angle_bin_deg': 45, 'key_dir': False, 'rev_mode': 'mult', 'steer_mode': 'add', 'goal_ang2_mode': 'none', 'closed_on': 'push', 'xy_res': 0.05, 'key_th': 'round', 'goal_on': 'pop'} {'3': np.float64(0.304), '4': np.float64(0.188), '5': np.float64(0.163), '6': np.float64(0.153), '7': np.float64(0.22), '8': np.float64(0.139), '9': np.float64(0.216), '10': np.float64(0.068), '11': np.float64(0.197), '12': np.float64(0.131), '13': np.float64(0.743)} {'3': 6625, '4': 5957, '5': 5675, '6': 3877, '7': 3765, '8': 17734, '9': 17521, '10': 7179, '11': 14639, '12': 3128, '13': 661}
2.527 75 7000 min_dist {'angle_bin_deg': 22.5, 'key_dir': False, 'rev_mode': 'mult', 'steer_mode': 'abs', 'goal_ang2_mode': 'none', 'closed_on': 'pop', 'xy_res': 0.05, 'key_th': 'floor', 'goal_on': 'gen'} {'3': np.float64(0.326), '4': np.float64(0.131), '5': np.float64(0.098), '6': np.float64(0.174), '7': np.float64(0.185), '8': np.float64(0.166), '9': np.float64(0.183), '10': np.float64(0.142), '11': np.float64(0.116), '12': np.float64(0.232), '13': np.float64(0.775)} {'3': 4670, '4': 4015, '5': 5916, '6': 6082, '7': 4865, '8': 4391, '9': 13850, '10': 5171, '11': 4068, '12': 3476, '13': 994}
2.53 75 8000 min_dist {'angle_bin_deg': 22.5, 'key_dir': False, 'rev_mode': 'mult', 'steer_mode': 'abs', 'goal_ang2_mode': 'none', 'closed_on': 'pop', 'xy_res': 0.05, 'key_th': 'floor', 'goal_on': 'pop'} {'3': np.float64(0.323), '4': np.float64(0.131), '5': np.float64(0.098), '6': np.float64(0.174), '7': np.float64(0.192), '8': np.float64(0.166), '9': np.float64(0.183), '10': np.float64(0.141), '11': np.float64(0.116), '12': np.float64(0.232), '13': np.float64(0.775)} {'3': 4676, '4': 4021, '5': 5920, '6': 6084, '7': 4894, '8': 4824, '9': 14030, '10': 5433, '11': 7557, '12': 3477, '13': 995}
2.563 75 6000 best_h {'angle_bin_deg': 22.5, 'key_dir': False, 'rev_mode': 'mult', 'steer_mode': 'mult', 'goal_ang2_mode': 'none', 'closed_on': 'push', 'xy_res': 0.05, 'key_th': 'floor', 'goal_on': 'pop'} {'3': np.float64(0.414), '4': np.float64(0.225), '5': np.float64(0.071), '6': np.float64(0.198), '7': np.float64(0.168), '8': np.float64(0.108), '9': np.float64(0.051), '10': np.float64(0.081), '11': np.float64(0.167), '12': np.float64(0.321), '13': np.float64(0.759)} {'3': 4401, '4': 3853, '5': 3573, '6': 5351, '7': 4088, '8': 3238, '9': 3158, '10': 3246, '11': 5030, '12': 4672, '13': 1307}
2.567 75 6000 best_h {'angle_bin_deg': 22.5, 'key_dir': False, 'rev_mode': 'mult', 'steer_mode': 'mult', 'goal_ang2_mode': 'bearing_vs_heading', 'closed_on': 'push', 'xy_res': 0.05, 'key_th': 'floor', 'goal_on': 'gen'} {'3': np.float64(0.413), '4': np.float64(0.225), '5': np.float64(0.071), '6': np.float64(0.198), '7': np.float64(0.168), '8': np.float64(0.108), '9': np.float64(0.145), '10': np.float64(0.077), '11': np.float64(0.165), '12': np.float64(0.321), '13': np.float64(0.674)} {'3': 4400, '4': 3852, '5': 3572, '6': 5350, '7': 4085, '8': 3237, '9': 2059, '10': 3275, '11': 5415, '12': 4671, '13': 2552}
2.586 75 8000 min_dist {'angle_bin_deg': 22.5, 'key_dir': False, 'rev_mode': 'mult', 'steer_mode': 'add', 'goal_ang2_mode': 'bearing_dir', 'closed_on': 'push', 'xy_res': 0.05, 'key_th': 'round', 'goal_on': 'pop'} {'3': np.float64(0.295), '4': np.float64(0.077), '5': np.float64(0.15), '6': np.float64(0.146), '7': np.float64(0.166), '8': np.float64(0.282), '9': np.float64(0.348), '10': np.float64(0.067), '11': np.float64(0.195), '12': np.float64(0.236), '13': np.float64(0.623)} {'3': 7052, '4': 6245, '5': 8486, '6': 6807, '7': 4434, '8': 16573, '9': 16676, '10': 5609, '11': 6387, '12': 4845, '13': 2270}
2.587 75 8000 min_dist {'angle_bin_deg': 22.5, 'key_dir': False, 'rev_mode': 'mult', 'steer_mode': 'add', 'goal_ang2_mode': 'bearing_vs_heading', 'closed_on': 'push', 'xy_res': 0.05, 'key_th': 'round', 'goal_on': 'pop'} {'3': np.float64(0.295), '4': np.float64(0.077), '5': np.float64(0.15), '6': np.float64(0.146), '7': np.float64(0.166), '8': np.float64(0.282), '9': np.float64(0.348), '10': np.float64(0.064), '11': np.float64(0.199), '12': np.float64(0.236), '13': np.float64(0.623)} {'3': 7052, '4': 6245, '5': 8834, '6': 6807, '7': 4434, '8': 16573, '9': 16676, '10': 7265, '11': 10822, '12': 4845, '13': 2270}
