combos 3840
0 2s
20 7s
40 12s
60 15s
80 21s
100 27s
120 31s
140 37s
160 44s
180 49s
200 56s
220 61s
240 68s
260 77s
280 83s
300 93s
320 102s
340 112s
360 121s
380 128s
400 134s
420 141s
440 147s
460 154s
480 160s
500 166s
520 173s
540 178s
560 190s
580 199s
600 206s
620 214s
640 224s
660 233s
680 247s
700 255s
720 272s
740 285s
760 293s
780 298s
800 304s
820 309s
840 315s
860 320s
880 326s
900 333s
920 338s
940 345s
960 352s
980 359s
1000 365s
1020 371s
1040 381s
1060 390s
1080 398s
1100 409s
1120 419s
1140 429s
1160 434s
1180 439s
1200 446s
1220 452s
1240 458s
1260 465s
1280 472s
1300 478s
1320 487s
1340 493s
1360 503s
1380 513s
1400 520s
1420 533s
1440 546s
1460 558s
1480 572s
1500 580s
1520 595s
1540 603s
1560 607s
1580 612s
1600 619s
1620 624s
1640 630s
1660 633s
1680 641s
1700 649s
1720 654s
1740 661s
1760 668s
1780 674s
1800 683s
1820 689s
1840 701s
1860 710s
1880 718s
1900 728s
1920 735s
1940 741s
1960 749s
1980 754s
2000 762s
2020 768s
2040 772s
2060 781s
2080 789s
2100 799s
2120 810s
2140 817s
2160 831s
2180 848s
2200 859s
2220 880s
2240 898s
2260 915s
2280 929s
2300 937s
2320 942s
2340 946s
2360 950s
2380 957s
2400 962s
2420 965s
2440 971s
2460 975s
2480 981s
2500 987s
2520 992s
2540 997s
2560 1004s
2580 1011s
2600 1020s
2620 1025s
2640 1034s
2660 1042s
2680 1048s
2700 1054s
2720 1060s
2740 1066s
2760 1072s
2780 1078s
2800 1084s
2820 1090s
2840 1096s
2860 1104s
2880 1112s
2900 1120s
2920 1127s
2940 1133s
2960 1149s
2980 1162s
3000 1168s
3020 1181s
3040 1192s
3060 1203s
3080 1209s
3100 1213s
3120 1219s
3140 1224s
3160 1229s
3180 1234s
3200 1240s
3220 1245s
3240 1252s
3260 1257s
3280 1264s
3300 1270s
3320 1274s
3340 1282s
3360 1290s
3380 1298s
3400 1308s
3420 1314s
3440 1323s
3460 1330s
3480 1334s
3500 1341s
3520 1349s
3540 1354s
3560 1360s
3580 1365s
3600 1375s
3620 1385s
3640 1391s
3660 1400s
3680 1409s
3700 1416s
3720 1428s
3740 1434s
3760 1450s
3780 1463s
3800 1471s
3820 1483s
2.513 72 16000 best_h {'rev_mode': 'mult', 'steer_mode': 'abs', 'goal_ang2_mode': 'none', 'closed_on': 'pop', 'xy_res': 0.05, 'key_th': 'floor', 'start_dir': 0, 'goal_on': 'gen'} {'3': np.float64(0.33), '4': np.float64(0.153), '5': np.float64(0.064), '6': np.float64(0.171), '7': np.float64(0.185), '8': np.float64(0.119), '9': np.float64(0.251), '10': np.float64(0.069), '11': np.float64(0.209), '12': np.float64(0.253), '13': np.float64(0.708)} {'3': 9227, '4': 7948, '5': 7575, '6': 13562, '7': 11111, '8': 7258, '9': 17750, '10': 6580, '11': 5558, '12': 5783, '13': 1507}
2.513 72 16000 best_h {'rev_mode': 'mult', 'steer_mode': 'abs', 'goal_ang2_mode': 'none', 'closed_on': 'pop', 'xy_res': 0.05, 'key_th': 'int', 'start_dir': 0, 'goal_on': 'gen'} {'3': np.float64(0.33), '4': np.float64(0.153), '5': np.float64(0.064), '6': np.float64(0.171), '7': np.float64(0.185), '8': np.float64(0.119), '9': np.float64(0.251), '10': np.float64(0.069), '11': np.float64(0.209), '12': np.float64(0.253), '13': np.float64(0.708)} {'3': 9227, '4': 7948, '5': 7575, '6': 13562, '7': 11111, '8': 7258, '9': 17750, '10': 6580, '11': 5558, '12': 5783, '13': 1507}
2.539 72 30000 min_dist {'rev_mode': 'mult', 'steer_mode': 'abs', 'goal_ang2_mode': 'none', 'closed_on': 'pop', 'xy_res': 0.05, 'key_th': 'floor', 'start_dir': 0, 'goal_on': 'pop'} {'3': np.float64(0.33), '4': np.float64(0.152), '5': np.float64(0.111), '6': np.float64(0.17), '7': np.float64(0.185), '8': np.float64(0.119), '9': np.float64(0.248), '10': np.float64(0.047), '11': np.float64(0.227), '12': np.float64(0.253), '13': np.float64(0.696)} {'3': 9771, '4': 8453, '5': 8362, '6': 13563, '7': 11201, '8': 8263, '9': 30411, '10': 6884, '11': 5861, '12': 5790, '13': 1540}
2.539 72 30000 min_dist {'rev_mode': 'mult', 'steer_mode': 'abs', 'goal_ang2_mode': 'none', 'closed_on': 'pop', 'xy_res': 0.05, 'key_th': 'int', 'start_dir': 0, 'goal_on': 'pop'} {'3': np.float64(0.33), '4': np.float64(0.152), '5': np.float64(0.111), '6': np.float64(0.17), '7': np.float64(0.185), '8': np.float64(0.119), '9': np.float64(0.248), '10': np.float64(0.047), '11': np.float64(0.227), '12': np.float64(0.253), '13': np.float64(0.696)} {'3': 9771, '4': 8453, '5': 8362, '6': 13563, '7': 11201, '8': 8263, '9': 30411, '10': 6884, '11': 5861, '12': 5790, '13': 1540}
2.698 75 20000 best_h {'rev_mode': 'mult', 'steer_mode': 'abs', 'goal_ang2_mode': 'bearing_dir', 'closed_on': 'pop', 'xy_res': 0.05, 'key_th': 'floor', 'start_dir': 0, 'goal_on': 'gen'} {'3': np.float64(0.502), '4': np.float64(0.273), '5': np.float64(0.118), '6': np.float64(0.174), '7': np.float64(0.249), '8': np.float64(0.042), '9': np.float64(0.196), '10': np.float64(0.069), '11': np.float64(0.193), '12': np.float64(0.19), '13': np.float64(0.69)} {'3': 8232, '4': 7010, '5': 7922, '6': 13608, '7': 10177, '8': 8255, '9': 19900, '10': 6039, '11': 5104, '12': 6263, '13': 1651}
2.698 75 20000 best_h {'rev_mode': 'mult', 'steer_mode': 'abs', 'goal_ang2_mode': 'bearing_dir', 'closed_on': 'pop', 'xy_res': 0.05, 'key_th': 'int', 'start_dir': 0, 'goal_on': 'gen'} {'3': np.float64(0.502), '4': np.float64(0.273), '5': np.float64(0.118), '6': np.float64(0.174), '7': np.float64(0.249), '8': np.float64(0.042), '9': np.float64(0.196), '10': np.float64(0.069), '11': np.float64(0.193), '12': np.float64(0.19), '13': np.float64(0.69)} {'3': 8232, '4': 7010, '5': 7922, '6': 13608, '7': 10177, '8': 8255, '9': 19900, '10': 6039, '11': 5104, '12': 6263, '13': 1651}
2.729 75 16000 best_h {'rev_mode': 'mult', 'steer_mode': 'abs', 'goal_ang2_mode': 'bearing_dir', 'closed_on': 'pop', 'xy_res': 0.05, 'key_th': 'floor', 'start_dir': 0, 'goal_on': 'pop'} {'3': np.float64(0.414), '4': np.float64(0.222), '5': np.float64(0.118), '6': np.float64(0.19), '7': np.float64(0.216), '8': np.float64(0.042), '9': np.float64(0.203), '10': np.float64(0.076), '11': np.float64(0.32), '12': np.float64(0.193), '13': np.float64(0.735)} {'3': 9073, '4': 7807, '5': 7924, '6': 13752, '7': 10493, '8': 8517, '9': 20103, '10': 9757, '11': 10315, '12': 6716, '13': 2548}
2.729 75 16000 best_h {'rev_mode': 'mult', 'steer_mode': 'abs', 'goal_ang2_mode': 'bearing_dir', 'closed_on': 'pop', 'xy_res': 0.05, 'key_th': 'int', 'start_dir': 0, 'goal_on': 'pop'} {'3': np.float64(0.414), '4': np.float64(0.222), '5': np.float64(0.118), '6': np.float64(0.19), '7': np.float64(0.216), '8': np.float64(0.042), '9': np.float64(0.203), '10': np.float64(0.076), '11': np.float64(0.32), '12': np.float64(0.193), '13': np.float64(0.735)} {'3': 9073, '4': 7807, '5': 7924, '6': 13752, '7': 10493, '8': 8517, '9': 20103, '10': 9757, '11': 10315, '12': 6716, '13': 2548}
2.733 80 10000 last {'rev_mode': 'mult', 'steer_mode': 'mult', 'goal_ang2_mode': 'bearing_vs_heading', 'closed_on': 'pop', 'xy_res': 0.05, 'key_th': 'int', 'start_dir': 0, 'goal_on': 'pop'} {'3': np.float64(0.312), '4': np.float64(0.115), '5': np.float64(0.062), '6': np.float64(0.476), '7': np.float64(0.234), '8': np.float64(0.05), '9': np.float64(0.118), '10': np.float64(0.058), '11': np.float64(0.26), '12': np.float64(0.241), '13': np.float64(0.807)} {'3': 7399, '4': 6395, '5': 4583, '6': 10542, '7': 8552, '8': 4480, '9': 3147, '10': 7851, '11': 7541, '12': 4643, '13': 1363}
2.734 80 10000 last {'rev_mode': 'mult', 'steer_mode': 'mult', 'goal_ang2_mode': 'bearing_dir', 'closed_on': 'pop', 'xy_res': 0.05, 'key_th': 'int', 'start_dir': 0, 'goal_on': 'pop'} {'3': np.float64(0.312), '4': np.float64(0.115), '5': np.float64(0.062), '6': np.float64(0.476), '7': np.float64(0.234), '8': np.float64(0.029), '9': np.float64(0.079), '10': np.float64(0.112), '11': np.float64(0.26), '12': np.float64(0.249), '13': np.float64(0.807)} {'3': 7399, '4': 6395, '5': 4583, '6': 10379, '7': 8552, '8': 6361, '9': 3569, '10': 5926, '11': 7541, '12': 4575, '13': 1363}
2.75 75 16000 best_h {'rev_mode': 'mult', 'steer_mode': 'abs', 'goal_ang2_mode': 'none', 'closed_on': 'pop', 'xy_res': 0.05, 'key_th': 'floor', 'start_dir': 0, 'goal_on': 'pop'} {'3': np.float64(0.414), '4': np.float64(0.222), '5': np.float64(0.118), '6': np.float64(0.174), '7': np.float64(0.249), '8': np.float64(0.134), '9': np.float64(0.203), '10': np.float64(0.074), '11': np.float64(0.265), '12': np.float64(0.174), '13': np.float64(0.723)} {'3': 9073, '4': 7807, '5': 7924, '6': 13658, '7': 10274, '8': 8128, '9': 20103, '10': 9569, '11': 9931, '12': 6252, '13': 1212}
2.75 75 16000 best_h {'rev_mode': 'mult', 'steer_mode': 'abs', 'goal_ang2_mode': 'none', 'closed_on': 'pop', 'xy_res': 0.05, 'key_th': 'int', 'start_dir': 0, 'goal_on': 'pop'} {'3': np.float64(0.414), '4': np.float64(0.222), '5': np.float64(0.118), '6': np.float64(0.174), '7': np.float64(0.249), '8': np.float64(0.134), '9': np.float64(0.203), '10': np.float64(0.074), '11': np.float64(0.265), '12': np.float64(0.174), '13': np.float64(0.723)} {'3': 9073, '4': 7807, '5': 7924, '6': 13658, '7': 10274, '8': 8128, '9': 20103, '10': 9569, '11': 9931, '12': 6252, '13': 1212}
2.752 80 10000 last {'rev_mode': 'mult', 'steer_mode': 'mult', 'goal_ang2_mode': 'none', 'closed_on': 'pop', 'xy_res': 0.05, 'key_th': 'int', 'start_dir': 0, 'goal_on': 'pop'} {'3': np.float64(0.312), '4': np.float64(0.115), '5': np.float64(0.062), '6': np.float64(0.476), '7': np.float64(0.236), '8': np.float64(0.05), '9': np.float64(0.121), '10': np.float64(0.112), '11': np.float64(0.218), '12': np.float64(0.248), '13': np.float64(0.802)} {'3': 7399, '4': 6395, '5': 4583, '6': 10379, '7': 8523, '8': 4480, '9': 3099, '10': 5926, '11': 6388, '12': 4046, '13': 841}
2.76 72 40000 best_h {'rev_mode': 'mult', 'steer_mode': 'abs', 'goal_ang2_mode': 'bearing_vs_heading', 'closed_on': 'pop', 'xy_res': 0.05, 'key_th': 'floor', 'start_dir': 0, 'goal_on': 'pop'} {'3': np.float64(0.441), '4': np.float64(0.263), '5': np.float64(0.111), '6': np.float64(0.175), '7': np.float64(0.185), '8': np.float64(0.087), '9': np.float64(0.165), '10': np.float64(0.046), '11': np.float64(0.3), '12': np.float64(0.211), '13': np.float64(0.775)} {'3': 11049, '4': 9674, '5': 8362, '6': 14953, '7': 11201, '8': 8721, '9': 32119, '10': 10472, '11': 11101, '12': 6862, '13': 2382}
2.76 72 40000 best_h {'rev_mode': 'mult', 'steer_mode': 'abs', 'goal_ang2_mode': 'bearing_vs_heading', 'closed_on': 'pop', 'xy_res': 0.05, 'key_th': 'int', 'start_dir': 0, 'goal_on': 'pop'} {'3': np.float64(0.441), '4': np.float64(0.263), '5': np.float64(0.111), '6': np.float64(0.175), '7': np.float64(0.185), '8': np.float64(0.087), '9': np.float64(0.165), '10': np.float64(0.046), '11': np.float64(0.3), '12': np.float64(0.211), '13': np.float64(0.775)} {'3': 11049, '4': 9674, '5': 8362, '6': 14953, '7': 11201, '8': 8721, '9': 32119, '10': 10472, '11': 11101, '12': 6862, '13': 2382}
2.766 78 16000 best_h {'rev_mode': 'mult', 'steer_mode': 'abs', 'goal_ang2_mode': 'none', 'closed_on': 'pop', 'xy_res': 0.05, 'key_th': 'floor', 'start_dir': 0, 'goal_on': 'gen'} {'3': np.float64(0.442), '4': np.float64(0.255), '5': np.float64(0.072), '6': np.float64(0.196), '7': np.float64(0.222), '8': np.float64(0.162), '9': np.float64(0.236), '10': np.float64(0.087), '11': np.float64(0.167), '12': np.float64(0.23), '13': np.float64(0.697)} {'3': 8189, '4': 6977, '5': 5683, '6': 14654, '7': 10520, '8': 2399, '9': 6229, '10': 8015, '11': 6601, '12': 6112, '13': 1200}
2.781 78 12000 best_h {'rev_mode': 'mult', 'steer_mode': 'abs', 'goal_ang2_mode': 'bearing_dir', 'closed_on': 'pop', 'xy_res': 0.05, 'key_th': 'int', 'start_dir': 0, 'goal_on': 'gen'} {'3': np.float64(0.524), '4': np.float64(0.309), '5': np.float64(0.125), '6': np.float64(0.157), '7': np.float64(0.203), '8': np.float64(0.159), '9': np.float64(0.231), '10': np.float64(0.084), '11': np.float64(0.165), '12': np.float64(0.164), '13': np.float64(0.659)} {'3': 6545, '4': 5591, '5': 4435, '6': 11143, '7': 8171, '8': 2449, '9': 6375, '10': 6088, '11': 5056, '12': 4483, '13': 976}
2.782 80 10000 last {'rev_mode': 'mult', 'steer_mode': 'mult', 'goal_ang2_mode': 'bearing_vs_goal', 'closed_on': 'pop', 'xy_res': 0.05, 'key_th': 'int', 'start_dir': 0, 'goal_on': 'pop'} {'3': np.float64(0.312), '4': np.float64(0.115), '5': np.float64(0.062), '6': np.float64(0.476), '7': np.float64(0.234), '8': np.float64(0.05), '9': np.float64(0.121), '10': np.float64(0.058), '11': np.float64(0.326), '12': np.float64(0.241), '13': np.float64(0.786)} {'3': 7399, '4': 6395, '5': 4583, '6': 10542, '7': 8552, '8': 4480, '9': 3099, '10': 7851, '11': 9099, '12': 4643, '13': 4643}
2.794 78 9000 last {'rev_mode': 'mult', 'steer_mode': 'mult', 'goal_ang2_mode': 'bearing_vs_goal', 'closed_on': 'push', 'xy_res': 0.05, 'key_th': 'floor', 'start_dir': 0, 'goal_on': 'pop'} {'3': np.float64(0.398), '4': np.float64(0.226), '5': np.float64(0.098), '6': np.float64(0.376), '7': np.float64(0.228), '8': np.float64(0.052), '9': np.float64(0.077), '10': np.float64(0.056), '11': np.float64(0.308), '12': np.float64(0.253), '13': np.float64(0.721)} {'3': 8051, '4': 7132, '5': 8206, '6': 11242, '7': 8949, '8': 6281, '9': 6376, '10': 7618, '11': 6909, '12': 8305, '13': 8305}
2.796 75 16000 best_h {'rev_mode': 'mult', 'steer_mode': 'abs', 'goal_ang2_mode': 'bearing_vs_heading', 'closed_on': 'pop', 'xy_res': 0.05, 'key_th': 'floor', 'start_dir': 0, 'goal_on': 'pop'} {'3': np.float64(0.414), '4': np.float64(0.222), '5': np.float64(0.118), '6': np.float64(0.19), '7': np.float64(0.216), '8': np.float64(0.123), '9': np.float64(0.203), '10': np.float64(0.069), '11': np.float64(0.32), '12': np.float64(0.187), '13': np.float64(0.735)} {'3': 9073, '4': 7807, '5': 7924, '6': 13752, '7': 10493, '8': 8960, '9': 20103, '10': 12487, '11': 10315, '12': 7378, '13': 2548}
2.796 75 16000 best_h {'rev_mode': 'mult', 'steer_mode': 'abs', 'goal_ang2_mode': 'bearing_vs_heading', 'closed_on': 'pop', 'xy_res': 0.05, 'key_th': 'int', 'start_dir': 0, 'goal_on': 'pop'} {'3': np.float64(0.414), '4': np.float64(0.222), '5': np.float64(0.118), '6': np.float64(0.19), '7': np.float64(0.216), '8': np.float64(0.123), '9': np.float64(0.203), '10': np.float64(0.069), '11': np.float64(0.32), '12': np.float64(0.187), '13': np.float64(0.735)} {'3': 9073, '4': 7807, '5': 7924, '6': 13752, '7': 10493, '8': 8960, '9': 20103, '10': 12487, '11': 10315, '12': 7378, '13': 2548}
2.797 78 12000 best_h {'rev_mode': 'mult', 'steer_mode': 'abs', 'goal_ang2_mode': 'none', 'closed_on': 'pop', 'xy_res': 0.05, 'key_th': 'int', 'start_dir': 0, 'goal_on': 'gen'} {'3': np.float64(0.514), '4': np.float64(0.3), '5': np.float64(0.119), '6': np.float64(0.157), '7': np.float64(0.203), '8': np.float64(0.162), '9': np.float64(0.236), '10': np.float64(0.087), '11': np.float64(0.167), '12': np.float64(0.164), '13': np.float64(0.688)} {'3': 6523, '4': 5569, '5': 4412, '6': 11143, '7': 8171, '8': 2069, '9': 5764, '10': 6087, '11': 5055, '12': 4483, '13': 673}
2.8 78 18000 best_h {'rev_mode': 'mult', 'steer_mode': 'abs', 'goal_ang2_mode': 'none', 'closed_on': 'pop', 'xy_res': 0.05, 'key_th': 'floor', 'start_dir': 0, 'goal_on': 'pop'} {'3': np.float64(0.453), '4': np.float64(0.264), '5': np.float64(0.105), '6': np.float64(0.195), '7': np.float64(0.221), '8': np.float64(0.099), '9': np.float64(0.236), '10': np.float64(0.039), '11': np.float64(0.246), '12': np.float64(0.23), '13': np.float64(0.712)} {'3': 8617, '4': 7384, '5': 6057, '6': 14655, '7': 10525, '8': 4832, '9': 17489, '10': 11450, '11': 9335, '12': 6114, '13': 1287}
2.823 75 25000 best_h {'rev_mode': 'mult', 'steer_mode': 'abs', 'goal_ang2_mode': 'bearing_vs_goal', 'closed_on': 'pop', 'xy_res': 0.05, 'key_th': 'floor', 'start_dir': 0, 'goal_on': 'pop'} {'3': np.float64(0.414), '4': np.float64(0.222), '5': np.float64(0.118), '6': np.float64(0.19), '7': np.float64(0.216), '8': np.float64(0.134), '9': np.float64(0.197), '10': np.float64(0.069), '11': np.float64(0.32), '12': np.float64(0.187), '13': np.float64(0.757)} {'3': 9073, '4': 7807, '5': 7924, '6': 13752, '7': 10493, '8': 8128, '9': 23767, '10': 12487, '11': 10315, '12': 7378, '13': 6764}
2.823 75 25000 best_h {'rev_mode': 'mult', 'steer_mode': 'abs', 'goal_ang2_mode': 'bearing_vs_goal', 'closed_on': 'pop', 'xy_res': 0.05, 'key_th': 'int', 'start_dir': 0, 'goal_on': 'pop'} {'3': np.float64(0.414), '4': np.float64(0.222), '5': np.float64(0.118), '6': np.float64(0.19), '7': np.float64(0.216), '8': np.float64(0.134), '9': np.float64(0.197), '10': np.float64(0.069), '11': np.float64(0.32), '12': np.float64(0.187), '13': np.float64(0.757)} {'3': 9073, '4': 7807, '5': 7924, '6': 13752, '7': 10493, '8': 8128, '9': 23767, '10': 12487, '11': 10315, '12': 7378, '13': 6764}
2.835 78 9000 last {'rev_mode': 'mult', 'steer_mode': 'mult', 'goal_ang2_mode': 'bearing_dir', 'closed_on': 'push', 'xy_res': 0.05, 'key_th': 'floor', 'start_dir': 0, 'goal_on': 'pop'} {'3': np.float64(0.398), '4': np.float64(0.226), '5': np.float64(0.078), '6': np.float64(0.376), '7': np.float64(0.228), '8': np.float64(0.053), '9': np.float64(0.079), '10': np.float64(0.069), '11': np.float64(0.264), '12': np.float64(0.262), '13': np.float64(0.802)} {'3': 8051, '4': 7132, '5': 7144, '6': 10521, '7': 8715, '8': 8873, '9': 6375, '10': 6773, '11': 8879, '12': 7908, '13': 2448}
2.841 72 40000 best_h {'rev_mode': 'mult', 'steer_mode': 'abs', 'goal_ang2_mode': 'bearing_vs_goal', 'closed_on': 'pop', 'xy_res': 0.05, 'key_th': 'floor', 'start_dir': 0, 'goal_on': 'pop'} {'3': np.float64(0.441), '4': np.float64(0.263), '5': np.float64(0.111), '6': np.float64(0.176), '7': np.float64(0.185), '8': np.float64(0.119), '9': np.float64(0.196), '10': np.float64(0.045), '11': np.float64(0.324), '12': np.float64(0.211), '13': np.float64(0.771)} {'3': 11049, '4': 9674, '5': 8362, '6': 14957, '7': 11201, '8': 8263, '9': 31468, '10': 11577, '11': 11251, '12': 6862, '13': 6836}
2.841 72 40000 best_h {'rev_mode': 'mult', 'steer_mode': 'abs', 'goal_ang2_mode': 'bearing_vs_goal', 'closed_on': 'pop', 'xy_res': 0.05, 'key_th': 'int', 'start_dir': 0, 'goal_on': 'pop'} {'3': np.float64(0.441), '4': np.float64(0.263), '5': np.float64(0.111), '6': np.float64(0.176), '7': np.float64(0.185), '8': np.float64(0.119), '9': np.float64(0.196), '10': np.float64(0.045), '11': np.float64(0.324), '12': np.float64(0.211), '13': np.float64(0.771)} {'3': 11049, '4': 9674, '5': 8362, '6': 14957, '7': 11201, '8': 8263, '9': 31468, '10': 11577, '11': 11251, '12': 6862, '13': 6836}
2.848 75 18000 best_h {'rev_mode': 'mult', 'steer_mode': 'abs', 'goal_ang2_mode': 'bearing_vs_heading', 'closed_on': 'pop', 'xy_res': 0.05, 'key_th': 'floor', 'start_dir': 0, 'goal_on': 'gen'} {'3': np.float64(0.502), '4': np.float64(0.273), '5': np.float64(0.118), '6': np.float64(0.174), '7': np.float64(0.249), '8': np.float64(0.123), '9': np.float64(0.197), '10': np.float64(0.071), '11': np.float64(0.263), '12': np.float64(0.187), '13': np.float64(0.69)} {'3': 8232, '4': 7010, '5': 7922, '6': 13608, '7': 10177, '8': 7792, '9': 17989, '10': 11301, '11': 9939, '12': 6722, '13': 1651}
2.848 75 18000 best_h {'rev_mode': 'mult', 'steer_mode': 'abs', 'goal_ang2_mode': 'bearing_vs_heading', 'closed_on': 'pop', 'xy_res': 0.05, 'key_th': 'int', 'start_dir': 0, 'goal_on': 'gen'} {'3': np.float64(0.502), '4': np.float64(0.273), '5': np.float64(0.118), '6': np.float64(0.174), '7': np.float64(0.249), '8': np.float64(0.123), '9': np.float64(0.197), '10': np.float64(0.071), '11': np.float64(0.263), '12': np.float64(0.187), '13': np.float64(0.69)} {'3': 8232, '4': 7010, '5': 7922, '6': 13608, '7': 10177, '8': 7792, '9': 17989, '10': 11301, '11': 9939, '12': 6722, '13': 1651}
